******************************************************************************
              TMS320C55x Linker PC v4.4.1                      
******************************************************************************
>> Linked Thu Apr 19 12:43:00 2018

OUTPUT FILE NAME:   <MyFirstProject.out>
ENTRY POINT SYMBOL: "_c_int00"  address: 00024fbd


MEMORY CONFIGURATION

         name            origin    length      used     unused   attr    fill
                        (bytes)   (bytes)    (bytes)   (bytes)
----------------------  --------  ---------  --------  --------  ----  --------
PAGE 0:
  MMR                   00000000   000000c0  00000000  000000c0  RWIX
  DARAM0                000000c0   0000ff40  000060f8  00009e48  RWIX
  SARAM0                00010000   00010000  00000000  00010000  RWIX
  SARAM1                00020000   00020000  00005127  0001aed9  RWIX
  SARAM2                00040000   0000fe00  00000482  0000f97e  RWIX
  VECS                  0004fe00   00000200  00000100  00000100  RWIX
  PDROM                 00ff8000   00008000  00000000  00008000  R IX

PAGE 2:
  IOPORT                00000000   00020000  00000000  00020000  RWI 


SECTION ALLOCATION MAP
(Addresses surrounded by []'s are displayed for convenience only!)

output                                                          attributes/
section   page  orgn(bytes) orgn(words) len(bytes) len(words)   input sections
--------  ----  ----------- ----------- ---------- ----------   --------------
.pinit       0   [ 00040000 ]  00020000          *   00000000   UNINITIALIZED

.stack       0   [ 000000c0 ]  00000060          *   00001000   UNINITIALIZED
                 [ 000000c0 ]  00000060          *   00001000   --HOLE--

.data        0   [ 000000c0 ]  00000060          *   00000000   UNINITIALIZED

.sysstack 
*            0   [ 000020c0 ]  00001060          *   00000800   UNINITIALIZED
                 [ 000020c0 ]  00001060          *   00000800   --HOLE--

.sysmem      0   [ 000030c0 ]  00001860          *   00001000   UNINITIALIZED
                 [ 000030c0 ]  00001860          *   00001000   --HOLE--

.const.1     0   [ 000050c0 ]  00002860          *   000004cb   
                 [ 000050c0 ]  00002860          *   00000236   PLL.obj (.const:.string)
                 [ 0000552c ]  00002a96          *   00000194   aic3204_init.obj (.const:.string)
                 [ 00005854 ]  00002c2a          *   00000101   rts55h.lib : ctype.obj (.const:__ctypes_)

.const.2     0   [ 00005a58 ]  00002d2c          *   00000079   
                 [ 00005a58 ]  00002d2c          *   00000079   main.obj (.const:.string)

.const.3     0   [ 00005b4c ]  00002da6          *   0000003c   
                 [ 00005b4c ]  00002da6          *   00000024   rts55h.lib : _printfi.obj (.const:.string)
                 [ 00005b94 ]  00002dca          *   0000000c              : _printfi.obj (.const)
                 [ 00005bac ]  00002dd6          *   00000008              : divd.obj (.const:_initial_approx$1)
                 [ 00005bbc ]  00002dde          *   00000002              : fputs.obj (.const:.string)
                 [ 00005bc0 ]  00002de0          *   00000002              : fltlid.obj (.const)

.bss.1       0   [ 00005bc4 ]  00002de2          *   000002b5   UNINITIALIZED
                 [ 00005bc4 ]  00002de2          *   00000119   rts55h.lib : defs.obj (.bss)
                 [ 00005df6 ]  00002efb          *   000000d0              : trgdrv.obj (.bss)
                 [ 00005f96 ]  00002fcb          *   00000001              : fopen.obj (.bss)
                 [ 00005f98 ]  00002fcc          *   00000071              : lowlev.obj (.bss)
                 [ 0000607a ]  0000303d          *   00000001   usbstk5505_i2c.obj (.bss)
                 [ 0000607c ]  0000303e          *   00000059   main.obj (.bss)

.bss.2       0   [ 00006130 ]  00003098          *   0000003d   UNINITIALIZED
                 [ 00006130 ]  00003098          *   00000036   PLL.obj (.bss)
                 [ 0000619c ]  000030ce          *   00000007   rts55h.lib : memory.obj (.bss)

.bss.3       0   [ 000061ac ]  000030d6          *   0000000a   UNINITIALIZED
                 [ 000061ac ]  000030d6          *   00000004   rts55h.lib : _lock.obj (.bss)
                 [ 000061b4 ]  000030da          *   00000004              : exit.obj (.bss)
                 [ 000061bc ]  000030de          *   00000002   aic3204.obj (.bss)

.text        0     00020000  [ 00010000 ] 00005127          *   
                   00020000  [ 00010000 ] 00001533          *   rts55h.lib : _printfi.obj (.text)
                   00021533  [ 00010a99+] 00000565          *   aic3204_init.obj (.text)
                   00021a98  [ 00010d4c ] 00000538          *   rts55h.lib : trgdrv.obj (.text)
                   00021fd0  [ 00010fe8 ] 00000533          *              : memory.obj (.text)
                   00022503  [ 00011281+] 00000518          *              : lowlev.obj (.text)
                   00022a1b  [ 0001150d+] 000003c7          *              : divd.obj (.text)
                   00022de2  [ 000116f1 ] 00000340          *   PLL.obj (.text)
                   00023122  [ 00011891 ] 000002ad          *   CSLc55x5h.lib : csl_pll.obj (.text)
                   000233cf  [ 000119e7+] 0000026c          *   rts55h.lib : fopen.obj (.text)
                   0002363b  [ 00011b1d+] 0000025c          *              : llmpy.obj (.text)
                   00023897  [ 00011c4b+] 00000257          *              : addd.obj (.text)
                   00023aee  [ 00011d77 ] 000001ea          *              : cmpd.obj (.text)
                   00023cd8  [ 00011e6c ] 0000017b          *              : fputs.obj (.text)
                   00023e53  [ 00011f29+] 00000164          *   usbstk5505_gpio.obj (.text)
                   00023fb7  [ 00011fdb+] 0000014b          *   rts55h.lib : mpyd.obj (.text)
                   00024102  [ 00012081 ] 0000013b          *   aic3204.obj (.text)
                   0002423d  [ 0001211e+] 0000012a          *   usbstk5505_i2c.obj (.text)
                   00024367  [ 000121b3+] 00000127          *   main.obj (.text)
                   0002448e  [ 00012247 ] 000000f3          *   rts55h.lib : setvbuf.obj (.text)
                   00024581  [ 000122c0+] 000000da          *              : _io_perm.obj (.text)
                   0002465b  [ 0001232d+] 000000be          *              : trgmsg.obj (.text:CIO_breakpoint)
                   00024719  [ 0001238c+] 000000ba          *              : fflush.obj (.text)
                   000247d3  [ 000123e9+] 000000a2          *              : fputc.obj (.text)
                   00024875  [ 0001243a+] 000000a0          *              : divul.obj (.text)
                   00024915  [ 0001248a+] 00000079          *              : ltoa.obj (.text)
                   0002498e  [ 000124c7 ] 00000076          *              : fclose.obj (.text)
                   00024a04  [ 00012502 ] 00000076          *              : frcmpyd.obj (.text)
                   00024a7a  [ 0001253d ] 00000073          *              : frcmpyd_div.obj (.text)
                   00024aed  [ 00012576+] 00000070          *              : remul.obj (.text)
                   00024b5d  [ 000125ae+] 0000006e          *              : fixdli.obj (.text)
                   00024bcb  [ 000125e5+] 0000006b          *              : trgmsg.obj (.text)
                   00024c36  [ 0001261b ] 00000068          *              : fseek.obj (.text)
                   00024c9e  [ 0001264f ] 00000067          *              : fltlid.obj (.text)
                   00024d05  [ 00012682+] 00000059          *              : atoi.obj (.text)
                   00024d5e  [ 000126af ] 00000056          *              : memcpy.obj (.text)
                   00024db4  [ 000126da ] 00000054          *   usbstk5505.obj (.text)
                   00024e08  [ 00012704 ] 0000004e          *   rts55h.lib : printf.obj (.text)
                   00024e56  [ 0001272b ] 0000004d          *              : autoinit.obj (.text)
                   00024ea3  [ 00012751+] 0000004b          *              : remli.obj (.text)
                   00024eee  [ 00012777 ] 00000049          *              : args_main.obj (.text)
                   00024f37  [ 0001279b+] 00000048          *              : divli.obj (.text)
                   00024f7f  [ 000127bf+] 0000003e          *              : exit.obj (.text)
                   00024fbd  [ 000127de+] 00000034          *              : boot.obj (.text)
                   00024ff1  [ 000127f8+] 0000002d          *   usbstk5505_led.obj (.text)
                   0002501e  [ 0001280f ] 0000002a          *   rts55h.lib : fixdi.obj (.text)
                   00025048  [ 00012824 ] 0000002a          *              : udiv.obj (.text)
                   00025072  [ 00012839 ] 00000022          *              : memccpy.obj (.text)
                   00025094  [ 0001284a ] 0000001c          *   stereo.obj (.text)
                   000250b0  [ 00012858 ] 0000001a          *   rts55h.lib : isinf.obj (.text)
                   000250ca  [ 00012865 ] 00000014          *              : subd.obj (.text)
                   000250de  [ 0001286f ] 00000013          *              : lmpy.obj (.text)
                   000250f1  [ 00012878+] 00000012          *              : _lock.obj (.text)
                   00025103  [ 00012881+] 00000010          *              : negd.obj (.text)
                   00025113  [ 00012889+] 0000000a          *              : remove.obj (.text)
                   0002511d  [ 0001288e+] 00000007          *              : exit.obj (.text:CIO_breakpoint)
                   00025124  [ 00012892 ] 00000002          *              : vectors.obj (.text)
                   00025126  [ 00012893 ] 00000001          *   --HOLE-- [fill = 20]

.cinit       0   [ 00040000 ]  00020000          *   00000121   
                 [ 00040000 ]  00020000          *   00000063   main.obj (.cinit)
                 [ 000400c6 ]  00020063          *   00000046   PLL.obj (.cinit)
                 [ 00040152 ]  000200a9          *   0000002d   rts55h.lib : lowlev.obj (.cinit)
                 [ 000401ac ]  000200d6          *   0000002a              : defs.obj (.cinit)
                 [ 00040200 ]  00020100          *   0000000a              : _lock.obj (.cinit)
                 [ 00040214 ]  0002010a          *   0000000a              : exit.obj (.cinit)
                 [ 00040228 ]  00020114          *   00000004              : fopen.obj (.cinit)
                 [ 00040230 ]  00020118          *   00000004              : memory.obj (.cinit)
                 [ 00040238 ]  0002011c          *   00000004   usbstk5505_i2c.obj (.cinit)
                 [ 00040240 ]  00020120          *   00000001   --HOLE-- [fill = 0]

.cio         0   [ 00040248 ]  00020124          *   00000120   UNINITIALIZED
                 [ 00040248 ]  00020124          *   00000120   rts55h.lib : trgmsg.obj (.cio)

vectors      0     0004fe00  [ 00027f00 ] 00000100          *   
                   0004fe00  [ 00027f00 ] 00000100          *   rts55h.lib : vectors.obj (vectors)


GLOBAL SYMBOLS: SORTED ALPHABETICALLY BY Name 

abs. value/
byte addr   word addr   name
---------   ---------   ----
00000002                $TI_capability$C5500$CallingConvention
00000008                $TI_capability$C5500$MemoryModel
00000001                $TI_capability_requires_rev3
ffffffff                .bss
ffffffff                .data
ffffffff                .text
0002511e                C$$EXIT
00024714                C$$IO$$
000250de                I$$LMPY
00025048                I$$UDIV
0002505d                I$$UMOD
00024102                _AIC3204_rget
0002414d                _AIC3204_rset
00021f72                _HOSTclock
00021f07                _HOSTclose
00021e52                _HOSTlseek
00021db1                _HOSTopen
00021d26                _HOSTread
00021c6d                _HOSTrename
00021c0f                _HOSTtime
00021ba3                _HOSTunlink
00021b18                _HOSTwrite
00023314                _PLL_bypass
00023184                _PLL_config
000232ad                _PLL_enable
0002314c                _PLL_init
00023363                _PLL_reset
0004fe00                _Reset
00023f5f                _USBSTK5505_GPIO_getInput
00023e53                _USBSTK5505_GPIO_init
00023e57                _USBSTK5505_GPIO_setDirection
00023ee2                _USBSTK5505_GPIO_setOutput
0002425c                _USBSTK5505_I2C_close
0002423d                _USBSTK5505_I2C_init
000242ee                _USBSTK5505_I2C_read
00024265                _USBSTK5505_I2C_reset
00024273                _USBSTK5505_I2C_write
00024ff1                _USBSTK5505_LED_init
0002500d                _USBSTK5505_LED_off
00024ffc                _USBSTK5505_LED_on
00024dfa                _USBSTK5505_init
00024db4                _USBSTK5505_wait
00024de8                _USBSTK5505_waitusec
            00020124    __CIOBUF_
            00001060    __STACK_END
00002000                __STACK_SIZE
00002000                __SYSMEM_SIZE
00001000                __SYSSTACK_SIZE
00000001                __TI_args_main
ffffffff                ___binit__
ffffffff                ___bss__
ffffffff                ___c_args__
            00020000    ___cinit__
ffffffff                ___data__
ffffffff                ___edata__
ffffffff                ___end__
ffffffff                ___etext__
000250b0                ___isinf
ffffffff                ___pinit__
ffffffff                ___text__
00023897                __addd
00024eee                __args_main
000234e4                __cleanup
            000030da    __cleanup_ptr
00023c80                __cmpd
            00002c2a    __ctypes_
00022a1b                __divd
00024f37                __divli
00023863                __divlli
00025048                __divu
00024875                __divul
0002376f                __divull
00024719                __doflush
            000030dc    __dtors_ptr
00023c4c                __eqld
0002501e                __fixdi
00024b5d                __fixdli
00024c9e                __fltlid
00024a04                __frcmpyd
00024a7a                __frcmpyd_div
            00002efa    __ft_end
            00002de2    __ftable
00023c02                __geqd
00023bb7                __gtrd
00023b6a                __leqd
            000030d6    __lock
00023b22                __lssd
00023fb7                __mpyd
000250de                __mpyli
000236b8                __mpylli
00025103                __negd
00023aee                __neqd
00025101                __nop
00021315                __printfi
000245fe                __rd_ok
000250f9                __register_lock
000250f1                __register_unlock
00024ea3                __remli
00023689                __remlli
0002505d                __remu
00024aed                __remul
0002363b                __remull
            00000060    __stack
000250ca                __subd
            00001860    __sys_memory
            00001060    __sysstack
            00002e5a    __tmpnams
            000030d8    __unlock
00024581                __wrt_ok
0002511d                _abort
00022933                _add_device
000241bb                _aic3204_codec_read
00024201                _aic3204_codec_write
0002419f                _aic3204_disable
0002416f                _aic3204_hardware_init
00021533                _aic3204_init
00024d05                _atoi
00024e56                _auto_init
00024fbd                _c_int00
000224b7                _calloc
000224af                _chkheap
000228c3                _close
            000030de    _counter1
            000030df    _counter2
00024f7f                _exit
0002498e                _fclose
0002477b                _fflush
000228ba                _find_registered_device
00023602                _fopen
000247d3                _fputc
00023cd8                _fputs
00021fd0                _free
00022448                _free_memory
0002353c                _freopen
00024c36                _fseek
00021a98                _getenv
            000030a2    _hPll
            00003044    _i
            0000303e    _left_input
            00003040    _left_output
00022856                _lseek
00024915                _ltoa
00024367                _main
00022114                _malloc
000223de                _max_free
00025072                _memccpy
00024d5e                _memcpy
000220a2                _minit
            00003042    _mono_input
00022799                _open
            000030cc    _pConfigInfo
            0000309e    _pllCfg1
            000030c4    _pllCfg_100MHz
            000030c8    _pllCfg_120MHz
            000030ac    _pllCfg_12MHz
            000030b0    _pllCfg_12p288MHz
            000030a4    _pllCfg_1MHz
            000030a8    _pllCfg_2MHz
            000030b4    _pllCfg_40MHz
            000030b8    _pllCfg_60MHz
            000030bc    _pllCfg_75MHz
            000030c0    _pllCfg_98MHz
            00003098    _pllObj
00022e5d                _pll_frequency_setup
00024e08                _printf
000247d3                _putc
00024866                _putchar
00023e27                _puts
000226ef                _read
00024bcb                _readmsg
00022215                _realloc
00025113                _remove
000226bb                _remove_device
00022664                _rename
            0000303f    _right_input
            00003041    _right_output
00021705                _set_sampling_frequency_and_gain
0002448e                _setvbuf
            00003046    _sin_1k_q1
            00003043    _sin_1k_q1_index
            00003077    _sin_75k_q1
            00003076    _sin_75k_q1_index
00024436                _sin_tab_1000
00024462                _sin_tab_7500
00025094                _stereo_to_mono
00022630                _unlink
00022503                _write
0002465b                _writemsg
ffffffff                binit
            00020000    cinit
ffffffff                edata
ffffffff                end
ffffffff                etext
ffffffff                pinit


GLOBAL SYMBOLS: SORTED BY Symbol Address 

abs. value/
byte addr   word addr   name
---------   ---------   ----
00000001                $TI_capability_requires_rev3
00000001                __TI_args_main
00000002                $TI_capability$C5500$CallingConvention
00000008                $TI_capability$C5500$MemoryModel
            00000060    __stack
00001000                __SYSSTACK_SIZE
00002000                __STACK_SIZE
00002000                __SYSMEM_SIZE
            00001060    __STACK_END
            00001060    __sysstack
            00001860    __sys_memory
            00002c2a    __ctypes_
            00002de2    __ftable
            00002e5a    __tmpnams
            00002efa    __ft_end
            0000303e    _left_input
            0000303f    _right_input
            00003040    _left_output
            00003041    _right_output
            00003042    _mono_input
            00003043    _sin_1k_q1_index
            00003044    _i
            00003046    _sin_1k_q1
            00003076    _sin_75k_q1_index
            00003077    _sin_75k_q1
            00003098    _pllObj
            0000309e    _pllCfg1
            000030a2    _hPll
            000030a4    _pllCfg_1MHz
            000030a8    _pllCfg_2MHz
            000030ac    _pllCfg_12MHz
            000030b0    _pllCfg_12p288MHz
            000030b4    _pllCfg_40MHz
            000030b8    _pllCfg_60MHz
            000030bc    _pllCfg_75MHz
            000030c0    _pllCfg_98MHz
            000030c4    _pllCfg_100MHz
            000030c8    _pllCfg_120MHz
            000030cc    _pConfigInfo
            000030d6    __lock
            000030d8    __unlock
            000030da    __cleanup_ptr
            000030dc    __dtors_ptr
            000030de    _counter1
            000030df    _counter2
00021315                __printfi
00021533                _aic3204_init
00021705                _set_sampling_frequency_and_gain
00021a98                _getenv
00021b18                _HOSTwrite
00021ba3                _HOSTunlink
00021c0f                _HOSTtime
00021c6d                _HOSTrename
00021d26                _HOSTread
00021db1                _HOSTopen
00021e52                _HOSTlseek
00021f07                _HOSTclose
00021f72                _HOSTclock
00021fd0                _free
000220a2                _minit
00022114                _malloc
00022215                _realloc
000223de                _max_free
00022448                _free_memory
000224af                _chkheap
000224b7                _calloc
00022503                _write
00022630                _unlink
00022664                _rename
000226bb                _remove_device
000226ef                _read
00022799                _open
00022856                _lseek
000228ba                _find_registered_device
000228c3                _close
00022933                _add_device
00022a1b                __divd
00022e5d                _pll_frequency_setup
0002314c                _PLL_init
00023184                _PLL_config
000232ad                _PLL_enable
00023314                _PLL_bypass
00023363                _PLL_reset
000234e4                __cleanup
0002353c                _freopen
00023602                _fopen
0002363b                __remull
00023689                __remlli
000236b8                __mpylli
0002376f                __divull
00023863                __divlli
00023897                __addd
00023aee                __neqd
00023b22                __lssd
00023b6a                __leqd
00023bb7                __gtrd
00023c02                __geqd
00023c4c                __eqld
00023c80                __cmpd
00023cd8                _fputs
00023e27                _puts
00023e53                _USBSTK5505_GPIO_init
00023e57                _USBSTK5505_GPIO_setDirection
00023ee2                _USBSTK5505_GPIO_setOutput
00023f5f                _USBSTK5505_GPIO_getInput
00023fb7                __mpyd
00024102                _AIC3204_rget
0002414d                _AIC3204_rset
0002416f                _aic3204_hardware_init
0002419f                _aic3204_disable
000241bb                _aic3204_codec_read
00024201                _aic3204_codec_write
0002423d                _USBSTK5505_I2C_init
0002425c                _USBSTK5505_I2C_close
00024265                _USBSTK5505_I2C_reset
00024273                _USBSTK5505_I2C_write
000242ee                _USBSTK5505_I2C_read
00024367                _main
00024436                _sin_tab_1000
00024462                _sin_tab_7500
0002448e                _setvbuf
00024581                __wrt_ok
000245fe                __rd_ok
0002465b                _writemsg
00024714                C$$IO$$
00024719                __doflush
0002477b                _fflush
000247d3                _fputc
000247d3                _putc
00024866                _putchar
00024875                __divul
00024915                _ltoa
0002498e                _fclose
00024a04                __frcmpyd
00024a7a                __frcmpyd_div
00024aed                __remul
00024b5d                __fixdli
00024bcb                _readmsg
00024c36                _fseek
00024c9e                __fltlid
00024d05                _atoi
00024d5e                _memcpy
00024db4                _USBSTK5505_wait
00024de8                _USBSTK5505_waitusec
00024dfa                _USBSTK5505_init
00024e08                _printf
00024e56                _auto_init
00024ea3                __remli
00024eee                __args_main
00024f37                __divli
00024f7f                _exit
00024fbd                _c_int00
00024ff1                _USBSTK5505_LED_init
00024ffc                _USBSTK5505_LED_on
0002500d                _USBSTK5505_LED_off
0002501e                __fixdi
00025048                I$$UDIV
00025048                __divu
0002505d                I$$UMOD
0002505d                __remu
00025072                _memccpy
00025094                _stereo_to_mono
000250b0                ___isinf
000250ca                __subd
000250de                I$$LMPY
000250de                __mpyli
000250f1                __register_unlock
000250f9                __register_lock
00025101                __nop
00025103                __negd
00025113                _remove
0002511d                _abort
0002511e                C$$EXIT
            00020000    ___cinit__
            00020000    cinit
            00020124    __CIOBUF_
0004fe00                _Reset
ffffffff                .bss
ffffffff                .data
ffffffff                .text
ffffffff                ___binit__
ffffffff                ___bss__
ffffffff                ___c_args__
ffffffff                ___data__
ffffffff                ___edata__
ffffffff                ___end__
ffffffff                ___etext__
ffffffff                ___pinit__
ffffffff                ___text__
ffffffff                binit
ffffffff                edata
ffffffff                end
ffffffff                etext
ffffffff                pinit

[194 symbols]
