<?xml version="1.0"?>
<link_info>
   <banner>TMS320C55x Linker PC v4.4.1</banner>
   <copyright>Copyright (c) 1996-2012 Texas Instruments Incorporated</copyright>
   <link_time>0x5aeabba3</link_time>
   <output_file>MyFirstProject.out</output_file>
   <entry_point>
      <name>_c_int00</name>
      <address>0x24f6e</address>
   </entry_point>
   <input_file_list>
      <input_file id="fl-2">
         <path>.\</path>
         <kind>object</kind>
         <file>PLL.obj</file>
         <name>PLL.obj</name>
      </input_file>
      <input_file id="fl-3">
         <path>.\</path>
         <kind>object</kind>
         <file>aic3204.obj</file>
         <name>aic3204.obj</name>
      </input_file>
      <input_file id="fl-4">
         <path>.\</path>
         <kind>object</kind>
         <file>aic3204_init.obj</file>
         <name>aic3204_init.obj</name>
      </input_file>
      <input_file id="fl-5">
         <path>.\</path>
         <kind>object</kind>
         <file>main.obj</file>
         <name>main.obj</name>
      </input_file>
      <input_file id="fl-6">
         <path>.\</path>
         <kind>object</kind>
         <file>stereo.obj</file>
         <name>stereo.obj</name>
      </input_file>
      <input_file id="fl-7">
         <path>.\</path>
         <kind>object</kind>
         <file>usbstk5505.obj</file>
         <name>usbstk5505.obj</name>
      </input_file>
      <input_file id="fl-8">
         <path>.\</path>
         <kind>object</kind>
         <file>usbstk5505_gpio.obj</file>
         <name>usbstk5505_gpio.obj</name>
      </input_file>
      <input_file id="fl-9">
         <path>.\</path>
         <kind>object</kind>
         <file>usbstk5505_i2c.obj</file>
         <name>usbstk5505_i2c.obj</name>
      </input_file>
      <input_file id="fl-a">
         <path>.\</path>
         <kind>object</kind>
         <file>usbstk5505_led.obj</file>
         <name>usbstk5505_led.obj</name>
      </input_file>
      <input_file id="fl-10">
         <path>..\</path>
         <kind>archive</kind>
         <file>CSLc55x5h.lib</file>
         <name>csl_pll.obj</name>
      </input_file>
      <input_file id="fl-11">
         <path>C:\ti\ccsv7\tools\compiler\c5500_4.4.1\lib\</path>
         <kind>archive</kind>
         <file>rts55h.lib</file>
         <name>boot.obj</name>
      </input_file>
      <input_file id="fl-12">
         <path>C:\ti\ccsv7\tools\compiler\c5500_4.4.1\lib\</path>
         <kind>archive</kind>
         <file>rts55h.lib</file>
         <name>exit.obj</name>
      </input_file>
      <input_file id="fl-13">
         <path>C:\ti\ccsv7\tools\compiler\c5500_4.4.1\lib\</path>
         <kind>archive</kind>
         <file>rts55h.lib</file>
         <name>printf.obj</name>
      </input_file>
      <input_file id="fl-14">
         <path>C:\ti\ccsv7\tools\compiler\c5500_4.4.1\lib\</path>
         <kind>archive</kind>
         <file>rts55h.lib</file>
         <name>vectors.obj</name>
      </input_file>
      <input_file id="fl-15">
         <path>C:\ti\ccsv7\tools\compiler\c5500_4.4.1\lib\</path>
         <kind>archive</kind>
         <file>rts55h.lib</file>
         <name>_lock.obj</name>
      </input_file>
      <input_file id="fl-16">
         <path>C:\ti\ccsv7\tools\compiler\c5500_4.4.1\lib\</path>
         <kind>archive</kind>
         <file>rts55h.lib</file>
         <name>_printfi.obj</name>
      </input_file>
      <input_file id="fl-17">
         <path>C:\ti\ccsv7\tools\compiler\c5500_4.4.1\lib\</path>
         <kind>archive</kind>
         <file>rts55h.lib</file>
         <name>args_main.obj</name>
      </input_file>
      <input_file id="fl-18">
         <path>C:\ti\ccsv7\tools\compiler\c5500_4.4.1\lib\</path>
         <kind>archive</kind>
         <file>rts55h.lib</file>
         <name>atoi.obj</name>
      </input_file>
      <input_file id="fl-19">
         <path>C:\ti\ccsv7\tools\compiler\c5500_4.4.1\lib\</path>
         <kind>archive</kind>
         <file>rts55h.lib</file>
         <name>autoinit.obj</name>
      </input_file>
      <input_file id="fl-1a">
         <path>C:\ti\ccsv7\tools\compiler\c5500_4.4.1\lib\</path>
         <kind>archive</kind>
         <file>rts55h.lib</file>
         <name>cmpd.obj</name>
      </input_file>
      <input_file id="fl-1b">
         <path>C:\ti\ccsv7\tools\compiler\c5500_4.4.1\lib\</path>
         <kind>archive</kind>
         <file>rts55h.lib</file>
         <name>ctype.obj</name>
      </input_file>
      <input_file id="fl-1c">
         <path>C:\ti\ccsv7\tools\compiler\c5500_4.4.1\lib\</path>
         <kind>archive</kind>
         <file>rts55h.lib</file>
         <name>defs.obj</name>
      </input_file>
      <input_file id="fl-1d">
         <path>C:\ti\ccsv7\tools\compiler\c5500_4.4.1\lib\</path>
         <kind>archive</kind>
         <file>rts55h.lib</file>
         <name>divd.obj</name>
      </input_file>
      <input_file id="fl-1e">
         <path>C:\ti\ccsv7\tools\compiler\c5500_4.4.1\lib\</path>
         <kind>archive</kind>
         <file>rts55h.lib</file>
         <name>divul.obj</name>
      </input_file>
      <input_file id="fl-1f">
         <path>C:\ti\ccsv7\tools\compiler\c5500_4.4.1\lib\</path>
         <kind>archive</kind>
         <file>rts55h.lib</file>
         <name>fixdi.obj</name>
      </input_file>
      <input_file id="fl-20">
         <path>C:\ti\ccsv7\tools\compiler\c5500_4.4.1\lib\</path>
         <kind>archive</kind>
         <file>rts55h.lib</file>
         <name>fixdli.obj</name>
      </input_file>
      <input_file id="fl-21">
         <path>C:\ti\ccsv7\tools\compiler\c5500_4.4.1\lib\</path>
         <kind>archive</kind>
         <file>rts55h.lib</file>
         <name>fltlid.obj</name>
      </input_file>
      <input_file id="fl-22">
         <path>C:\ti\ccsv7\tools\compiler\c5500_4.4.1\lib\</path>
         <kind>archive</kind>
         <file>rts55h.lib</file>
         <name>fputc.obj</name>
      </input_file>
      <input_file id="fl-23">
         <path>C:\ti\ccsv7\tools\compiler\c5500_4.4.1\lib\</path>
         <kind>archive</kind>
         <file>rts55h.lib</file>
         <name>fputs.obj</name>
      </input_file>
      <input_file id="fl-24">
         <path>C:\ti\ccsv7\tools\compiler\c5500_4.4.1\lib\</path>
         <kind>archive</kind>
         <file>rts55h.lib</file>
         <name>frcmpyd_div.obj</name>
      </input_file>
      <input_file id="fl-25">
         <path>C:\ti\ccsv7\tools\compiler\c5500_4.4.1\lib\</path>
         <kind>archive</kind>
         <file>rts55h.lib</file>
         <name>isinf.obj</name>
      </input_file>
      <input_file id="fl-26">
         <path>C:\ti\ccsv7\tools\compiler\c5500_4.4.1\lib\</path>
         <kind>archive</kind>
         <file>rts55h.lib</file>
         <name>llmpy.obj</name>
      </input_file>
      <input_file id="fl-27">
         <path>C:\ti\ccsv7\tools\compiler\c5500_4.4.1\lib\</path>
         <kind>archive</kind>
         <file>rts55h.lib</file>
         <name>lmpy.obj</name>
      </input_file>
      <input_file id="fl-28">
         <path>C:\ti\ccsv7\tools\compiler\c5500_4.4.1\lib\</path>
         <kind>archive</kind>
         <file>rts55h.lib</file>
         <name>lowlev.obj</name>
      </input_file>
      <input_file id="fl-29">
         <path>C:\ti\ccsv7\tools\compiler\c5500_4.4.1\lib\</path>
         <kind>archive</kind>
         <file>rts55h.lib</file>
         <name>ltoa.obj</name>
      </input_file>
      <input_file id="fl-2a">
         <path>C:\ti\ccsv7\tools\compiler\c5500_4.4.1\lib\</path>
         <kind>archive</kind>
         <file>rts55h.lib</file>
         <name>memccpy.obj</name>
      </input_file>
      <input_file id="fl-2b">
         <path>C:\ti\ccsv7\tools\compiler\c5500_4.4.1\lib\</path>
         <kind>archive</kind>
         <file>rts55h.lib</file>
         <name>memcpy.obj</name>
      </input_file>
      <input_file id="fl-2c">
         <path>C:\ti\ccsv7\tools\compiler\c5500_4.4.1\lib\</path>
         <kind>archive</kind>
         <file>rts55h.lib</file>
         <name>mpyd.obj</name>
      </input_file>
      <input_file id="fl-2d">
         <path>C:\ti\ccsv7\tools\compiler\c5500_4.4.1\lib\</path>
         <kind>archive</kind>
         <file>rts55h.lib</file>
         <name>negd.obj</name>
      </input_file>
      <input_file id="fl-2e">
         <path>C:\ti\ccsv7\tools\compiler\c5500_4.4.1\lib\</path>
         <kind>archive</kind>
         <file>rts55h.lib</file>
         <name>remli.obj</name>
      </input_file>
      <input_file id="fl-2f">
         <path>C:\ti\ccsv7\tools\compiler\c5500_4.4.1\lib\</path>
         <kind>archive</kind>
         <file>rts55h.lib</file>
         <name>remul.obj</name>
      </input_file>
      <input_file id="fl-30">
         <path>C:\ti\ccsv7\tools\compiler\c5500_4.4.1\lib\</path>
         <kind>archive</kind>
         <file>rts55h.lib</file>
         <name>subd.obj</name>
      </input_file>
      <input_file id="fl-31">
         <path>C:\ti\ccsv7\tools\compiler\c5500_4.4.1\lib\</path>
         <kind>archive</kind>
         <file>rts55h.lib</file>
         <name>trgdrv.obj</name>
      </input_file>
      <input_file id="fl-32">
         <path>C:\ti\ccsv7\tools\compiler\c5500_4.4.1\lib\</path>
         <kind>archive</kind>
         <file>rts55h.lib</file>
         <name>trgmsg.obj</name>
      </input_file>
      <input_file id="fl-33">
         <path>C:\ti\ccsv7\tools\compiler\c5500_4.4.1\lib\</path>
         <kind>archive</kind>
         <file>rts55h.lib</file>
         <name>udiv.obj</name>
      </input_file>
      <input_file id="fl-34">
         <path>C:\ti\ccsv7\tools\compiler\c5500_4.4.1\lib\</path>
         <kind>archive</kind>
         <file>rts55h.lib</file>
         <name>_io_perm.obj</name>
      </input_file>
      <input_file id="fl-35">
         <path>C:\ti\ccsv7\tools\compiler\c5500_4.4.1\lib\</path>
         <kind>archive</kind>
         <file>rts55h.lib</file>
         <name>addd.obj</name>
      </input_file>
      <input_file id="fl-36">
         <path>C:\ti\ccsv7\tools\compiler\c5500_4.4.1\lib\</path>
         <kind>archive</kind>
         <file>rts55h.lib</file>
         <name>divli.obj</name>
      </input_file>
      <input_file id="fl-37">
         <path>C:\ti\ccsv7\tools\compiler\c5500_4.4.1\lib\</path>
         <kind>archive</kind>
         <file>rts55h.lib</file>
         <name>fflush.obj</name>
      </input_file>
      <input_file id="fl-38">
         <path>C:\ti\ccsv7\tools\compiler\c5500_4.4.1\lib\</path>
         <kind>archive</kind>
         <file>rts55h.lib</file>
         <name>frcmpyd.obj</name>
      </input_file>
      <input_file id="fl-39">
         <path>C:\ti\ccsv7\tools\compiler\c5500_4.4.1\lib\</path>
         <kind>archive</kind>
         <file>rts55h.lib</file>
         <name>fseek.obj</name>
      </input_file>
      <input_file id="fl-3a">
         <path>C:\ti\ccsv7\tools\compiler\c5500_4.4.1\lib\</path>
         <kind>archive</kind>
         <file>rts55h.lib</file>
         <name>setvbuf.obj</name>
      </input_file>
      <input_file id="fl-3b">
         <path>C:\ti\ccsv7\tools\compiler\c5500_4.4.1\lib\</path>
         <kind>archive</kind>
         <file>rts55h.lib</file>
         <name>fopen.obj</name>
      </input_file>
      <input_file id="fl-3c">
         <path>C:\ti\ccsv7\tools\compiler\c5500_4.4.1\lib\</path>
         <kind>archive</kind>
         <file>rts55h.lib</file>
         <name>memory.obj</name>
      </input_file>
      <input_file id="fl-3d">
         <path>C:\ti\ccsv7\tools\compiler\c5500_4.4.1\lib\</path>
         <kind>archive</kind>
         <file>rts55h.lib</file>
         <name>fclose.obj</name>
      </input_file>
      <input_file id="fl-3e">
         <path>C:\ti\ccsv7\tools\compiler\c5500_4.4.1\lib\</path>
         <kind>archive</kind>
         <file>rts55h.lib</file>
         <name>remove.obj</name>
      </input_file>
   </input_file_list>
   <object_component_list>
      <object_component id="oc-67">
         <name>.text</name>
         <load_address>0x20000</load_address>
         <run_address>0x20000</run_address>
         <size>0x1533</size>
         <input_file_ref idref="fl-16"/>
      </object_component>
      <object_component id="oc-20">
         <name>.text</name>
         <load_address>0x21533</load_address>
         <run_address>0x21533</run_address>
         <size>0x565</size>
         <input_file_ref idref="fl-4"/>
      </object_component>
      <object_component id="oc-d7">
         <name>.text</name>
         <load_address>0x21a98</load_address>
         <run_address>0x21a98</run_address>
         <size>0x538</size>
         <input_file_ref idref="fl-31"/>
      </object_component>
      <object_component id="oc-108">
         <name>.text</name>
         <load_address>0x21fd0</load_address>
         <run_address>0x21fd0</run_address>
         <size>0x533</size>
         <input_file_ref idref="fl-3c"/>
      </object_component>
      <object_component id="oc-b1">
         <name>.text</name>
         <load_address>0x22503</load_address>
         <run_address>0x22503</run_address>
         <size>0x518</size>
         <input_file_ref idref="fl-28"/>
      </object_component>
      <object_component id="oc-83">
         <name>.text</name>
         <load_address>0x22a1b</load_address>
         <run_address>0x22a1b</run_address>
         <size>0x3c7</size>
         <input_file_ref idref="fl-1d"/>
      </object_component>
      <object_component id="oc-12">
         <name>.text</name>
         <load_address>0x22de2</load_address>
         <run_address>0x22de2</run_address>
         <size>0x340</size>
         <input_file_ref idref="fl-2"/>
      </object_component>
      <object_component id="oc-49">
         <name>.text</name>
         <load_address>0x23122</load_address>
         <run_address>0x23122</run_address>
         <size>0x2ad</size>
         <input_file_ref idref="fl-10"/>
      </object_component>
      <object_component id="oc-102">
         <name>.text</name>
         <load_address>0x233cf</load_address>
         <run_address>0x233cf</run_address>
         <size>0x26c</size>
         <input_file_ref idref="fl-3b"/>
      </object_component>
      <object_component id="oc-a9">
         <name>.text</name>
         <load_address>0x2363b</load_address>
         <run_address>0x2363b</run_address>
         <size>0x25c</size>
         <input_file_ref idref="fl-26"/>
      </object_component>
      <object_component id="oc-ea">
         <name>.text</name>
         <load_address>0x23897</load_address>
         <run_address>0x23897</run_address>
         <size>0x257</size>
         <input_file_ref idref="fl-35"/>
      </object_component>
      <object_component id="oc-79">
         <name>.text</name>
         <load_address>0x23aee</load_address>
         <run_address>0x23aee</run_address>
         <size>0x1ea</size>
         <input_file_ref idref="fl-1a"/>
      </object_component>
      <object_component id="oc-9c">
         <name>.text</name>
         <load_address>0x23cd8</load_address>
         <run_address>0x23cd8</run_address>
         <size>0x17b</size>
         <input_file_ref idref="fl-23"/>
      </object_component>
      <object_component id="oc-38">
         <name>.text</name>
         <load_address>0x23e53</load_address>
         <run_address>0x23e53</run_address>
         <size>0x164</size>
         <input_file_ref idref="fl-8"/>
      </object_component>
      <object_component id="oc-c3">
         <name>.text</name>
         <load_address>0x23fb7</load_address>
         <run_address>0x23fb7</run_address>
         <size>0x14b</size>
         <input_file_ref idref="fl-2c"/>
      </object_component>
      <object_component id="oc-1a">
         <name>.text</name>
         <load_address>0x24102</load_address>
         <run_address>0x24102</run_address>
         <size>0x13b</size>
         <input_file_ref idref="fl-3"/>
      </object_component>
      <object_component id="oc-3d">
         <name>.text</name>
         <load_address>0x2423d</load_address>
         <run_address>0x2423d</run_address>
         <size>0x12a</size>
         <input_file_ref idref="fl-9"/>
      </object_component>
      <object_component id="oc-fe">
         <name>.text</name>
         <load_address>0x24367</load_address>
         <run_address>0x24367</run_address>
         <size>0xf3</size>
         <input_file_ref idref="fl-3a"/>
      </object_component>
      <object_component id="oc-e6">
         <name>.text</name>
         <load_address>0x2445a</load_address>
         <run_address>0x2445a</run_address>
         <size>0xda</size>
         <input_file_ref idref="fl-34"/>
      </object_component>
      <object_component id="oc-26">
         <name>.text</name>
         <load_address>0x24534</load_address>
         <run_address>0x24534</run_address>
         <size>0xd8</size>
         <input_file_ref idref="fl-5"/>
      </object_component>
      <object_component id="oc-df">
         <name>.text:CIO_breakpoint</name>
         <load_address>0x2460c</load_address>
         <run_address>0x2460c</run_address>
         <size>0xbe</size>
         <input_file_ref idref="fl-32"/>
      </object_component>
      <object_component id="oc-f2">
         <name>.text</name>
         <load_address>0x246ca</load_address>
         <run_address>0x246ca</run_address>
         <size>0xba</size>
         <input_file_ref idref="fl-37"/>
      </object_component>
      <object_component id="oc-98">
         <name>.text</name>
         <load_address>0x24784</load_address>
         <run_address>0x24784</run_address>
         <size>0xa2</size>
         <input_file_ref idref="fl-22"/>
      </object_component>
      <object_component id="oc-87">
         <name>.text</name>
         <load_address>0x24826</load_address>
         <run_address>0x24826</run_address>
         <size>0xa0</size>
         <input_file_ref idref="fl-1e"/>
      </object_component>
      <object_component id="oc-b7">
         <name>.text</name>
         <load_address>0x248c6</load_address>
         <run_address>0x248c6</run_address>
         <size>0x79</size>
         <input_file_ref idref="fl-29"/>
      </object_component>
      <object_component id="oc-10f">
         <name>.text</name>
         <load_address>0x2493f</load_address>
         <run_address>0x2493f</run_address>
         <size>0x76</size>
         <input_file_ref idref="fl-3d"/>
      </object_component>
      <object_component id="oc-f6">
         <name>.text</name>
         <load_address>0x249b5</load_address>
         <run_address>0x249b5</run_address>
         <size>0x76</size>
         <input_file_ref idref="fl-38"/>
      </object_component>
      <object_component id="oc-a1">
         <name>.text</name>
         <load_address>0x24a2b</load_address>
         <run_address>0x24a2b</run_address>
         <size>0x73</size>
         <input_file_ref idref="fl-24"/>
      </object_component>
      <object_component id="oc-cf">
         <name>.text</name>
         <load_address>0x24a9e</load_address>
         <run_address>0x24a9e</run_address>
         <size>0x70</size>
         <input_file_ref idref="fl-2f"/>
      </object_component>
      <object_component id="oc-8f">
         <name>.text</name>
         <load_address>0x24b0e</load_address>
         <run_address>0x24b0e</run_address>
         <size>0x6e</size>
         <input_file_ref idref="fl-20"/>
      </object_component>
      <object_component id="oc-dc">
         <name>.text</name>
         <load_address>0x24b7c</load_address>
         <run_address>0x24b7c</run_address>
         <size>0x6b</size>
         <input_file_ref idref="fl-32"/>
      </object_component>
      <object_component id="oc-fa">
         <name>.text</name>
         <load_address>0x24be7</load_address>
         <run_address>0x24be7</run_address>
         <size>0x68</size>
         <input_file_ref idref="fl-39"/>
      </object_component>
      <object_component id="oc-93">
         <name>.text</name>
         <load_address>0x24c4f</load_address>
         <run_address>0x24c4f</run_address>
         <size>0x67</size>
         <input_file_ref idref="fl-21"/>
      </object_component>
      <object_component id="oc-71">
         <name>.text</name>
         <load_address>0x24cb6</load_address>
         <run_address>0x24cb6</run_address>
         <size>0x59</size>
         <input_file_ref idref="fl-18"/>
      </object_component>
      <object_component id="oc-bf">
         <name>.text</name>
         <load_address>0x24d0f</load_address>
         <run_address>0x24d0f</run_address>
         <size>0x56</size>
         <input_file_ref idref="fl-2b"/>
      </object_component>
      <object_component id="oc-33">
         <name>.text</name>
         <load_address>0x24d65</load_address>
         <run_address>0x24d65</run_address>
         <size>0x54</size>
         <input_file_ref idref="fl-7"/>
      </object_component>
      <object_component id="oc-59">
         <name>.text</name>
         <load_address>0x24db9</load_address>
         <run_address>0x24db9</run_address>
         <size>0x4e</size>
         <input_file_ref idref="fl-13"/>
      </object_component>
      <object_component id="oc-75">
         <name>.text</name>
         <load_address>0x24e07</load_address>
         <run_address>0x24e07</run_address>
         <size>0x4d</size>
         <input_file_ref idref="fl-19"/>
      </object_component>
      <object_component id="oc-cb">
         <name>.text</name>
         <load_address>0x24e54</load_address>
         <run_address>0x24e54</run_address>
         <size>0x4b</size>
         <input_file_ref idref="fl-2e"/>
      </object_component>
      <object_component id="oc-6d">
         <name>.text</name>
         <load_address>0x24e9f</load_address>
         <run_address>0x24e9f</run_address>
         <size>0x49</size>
         <input_file_ref idref="fl-17"/>
      </object_component>
      <object_component id="oc-ee">
         <name>.text</name>
         <load_address>0x24ee8</load_address>
         <run_address>0x24ee8</run_address>
         <size>0x48</size>
         <input_file_ref idref="fl-36"/>
      </object_component>
      <object_component id="oc-52">
         <name>.text</name>
         <load_address>0x24f30</load_address>
         <run_address>0x24f30</run_address>
         <size>0x3e</size>
         <input_file_ref idref="fl-12"/>
      </object_component>
      <object_component id="oc-10">
         <name>.text</name>
         <load_address>0x24f6e</load_address>
         <run_address>0x24f6e</run_address>
         <size>0x34</size>
         <input_file_ref idref="fl-11"/>
      </object_component>
      <object_component id="oc-44">
         <name>.text</name>
         <load_address>0x24fa2</load_address>
         <run_address>0x24fa2</run_address>
         <size>0x2d</size>
         <input_file_ref idref="fl-a"/>
      </object_component>
      <object_component id="oc-8b">
         <name>.text</name>
         <load_address>0x24fcf</load_address>
         <run_address>0x24fcf</run_address>
         <size>0x2a</size>
         <input_file_ref idref="fl-1f"/>
      </object_component>
      <object_component id="oc-e2">
         <name>.text</name>
         <load_address>0x24ff9</load_address>
         <run_address>0x24ff9</run_address>
         <size>0x2a</size>
         <input_file_ref idref="fl-33"/>
      </object_component>
      <object_component id="oc-bb">
         <name>.text</name>
         <load_address>0x25023</load_address>
         <run_address>0x25023</run_address>
         <size>0x22</size>
         <input_file_ref idref="fl-2a"/>
      </object_component>
      <object_component id="oc-2e">
         <name>.text</name>
         <load_address>0x25045</load_address>
         <run_address>0x25045</run_address>
         <size>0x1c</size>
         <input_file_ref idref="fl-6"/>
      </object_component>
      <object_component id="oc-a5">
         <name>.text</name>
         <load_address>0x25061</load_address>
         <run_address>0x25061</run_address>
         <size>0x1a</size>
         <input_file_ref idref="fl-25"/>
      </object_component>
      <object_component id="oc-d3">
         <name>.text</name>
         <load_address>0x2507b</load_address>
         <run_address>0x2507b</run_address>
         <size>0x14</size>
         <input_file_ref idref="fl-30"/>
      </object_component>
      <object_component id="oc-ad">
         <name>.text</name>
         <load_address>0x2508f</load_address>
         <run_address>0x2508f</run_address>
         <size>0x13</size>
         <input_file_ref idref="fl-27"/>
      </object_component>
      <object_component id="oc-61">
         <name>.text</name>
         <load_address>0x250a2</load_address>
         <run_address>0x250a2</run_address>
         <size>0x12</size>
         <input_file_ref idref="fl-15"/>
      </object_component>
      <object_component id="oc-c7">
         <name>.text</name>
         <load_address>0x250b4</load_address>
         <run_address>0x250b4</run_address>
         <size>0x10</size>
         <input_file_ref idref="fl-2d"/>
      </object_component>
      <object_component id="oc-113">
         <name>.text</name>
         <load_address>0x250c4</load_address>
         <run_address>0x250c4</run_address>
         <size>0xa</size>
         <input_file_ref idref="fl-3e"/>
      </object_component>
      <object_component id="oc-56">
         <name>.text:CIO_breakpoint</name>
         <load_address>0x250ce</load_address>
         <run_address>0x250ce</run_address>
         <size>0x7</size>
         <input_file_ref idref="fl-12"/>
      </object_component>
      <object_component id="oc-5d">
         <name>.text</name>
         <load_address>0x250d5</load_address>
         <run_address>0x250d5</run_address>
         <size>0x2</size>
         <input_file_ref idref="fl-14"/>
      </object_component>
      <object_component id="oc-4e">
         <name>.stack</name>
         <uninitialized>true</uninitialized>
         <run_address>0xc0</run_address>
         <size>0x0</size>
         <input_file_ref idref="fl-11"/>
      </object_component>
      <object_component id="oc-131">
         <name>.stack</name>
         <uninitialized>true</uninitialized>
         <run_address>0xc0</run_address>
         <size>0x0</size>
      </object_component>
      <object_component id="oc-117">
         <name>.sysstack</name>
         <uninitialized>true</uninitialized>
         <run_address>0x20c0</run_address>
         <size>0x0</size>
         <input_file_ref idref="fl-11"/>
      </object_component>
      <object_component id="oc-133">
         <name>.sysstack</name>
         <uninitialized>true</uninitialized>
         <run_address>0x20c0</run_address>
         <size>0x0</size>
      </object_component>
      <object_component id="oc-7f">
         <name>.bss</name>
         <uninitialized>true</uninitialized>
         <run_address>0x5b84</run_address>
         <size>0x232</size>
         <input_file_ref idref="fl-1c"/>
      </object_component>
      <object_component id="oc-d8">
         <name>.bss</name>
         <uninitialized>true</uninitialized>
         <run_address>0x5db6</run_address>
         <size>0x1a0</size>
         <input_file_ref idref="fl-31"/>
      </object_component>
      <object_component id="oc-103">
         <name>.bss</name>
         <uninitialized>true</uninitialized>
         <run_address>0x5f56</run_address>
         <size>0x2</size>
         <input_file_ref idref="fl-3b"/>
      </object_component>
      <object_component id="oc-b2">
         <name>.bss</name>
         <uninitialized>true</uninitialized>
         <run_address>0x5f58</run_address>
         <size>0xe2</size>
         <input_file_ref idref="fl-28"/>
      </object_component>
      <object_component id="oc-3e">
         <name>.bss</name>
         <uninitialized>true</uninitialized>
         <run_address>0x603a</run_address>
         <size>0x2</size>
         <input_file_ref idref="fl-9"/>
      </object_component>
      <object_component id="oc-27">
         <name>.bss</name>
         <uninitialized>true</uninitialized>
         <run_address>0x603c</run_address>
         <size>0xb2</size>
         <input_file_ref idref="fl-5"/>
      </object_component>
      <object_component id="oc-13">
         <name>.bss</name>
         <uninitialized>true</uninitialized>
         <run_address>0x60f0</run_address>
         <size>0x6c</size>
         <input_file_ref idref="fl-2"/>
      </object_component>
      <object_component id="oc-109">
         <name>.bss</name>
         <uninitialized>true</uninitialized>
         <run_address>0x615c</run_address>
         <size>0xe</size>
         <input_file_ref idref="fl-3c"/>
      </object_component>
      <object_component id="oc-62">
         <name>.bss</name>
         <uninitialized>true</uninitialized>
         <run_address>0x616c</run_address>
         <size>0x8</size>
         <input_file_ref idref="fl-15"/>
      </object_component>
      <object_component id="oc-53">
         <name>.bss</name>
         <uninitialized>true</uninitialized>
         <run_address>0x6174</run_address>
         <size>0x8</size>
         <input_file_ref idref="fl-12"/>
      </object_component>
      <object_component id="oc-1b">
         <name>.bss</name>
         <uninitialized>true</uninitialized>
         <run_address>0x617c</run_address>
         <size>0x4</size>
         <input_file_ref idref="fl-3"/>
      </object_component>
      <object_component id="oc-16">
         <name>.const:.string</name>
         <load_address>0x50c0</load_address>
         <run_address>0x50c0</run_address>
         <size>0x46c</size>
         <input_file_ref idref="fl-2"/>
      </object_component>
      <object_component id="oc-22">
         <name>.const:.string</name>
         <load_address>0x552c</load_address>
         <run_address>0x552c</run_address>
         <size>0x328</size>
         <input_file_ref idref="fl-4"/>
      </object_component>
      <object_component id="oc-118">
         <name>.const:__ctypes_</name>
         <load_address>0x5854</load_address>
         <run_address>0x5854</run_address>
         <size>0x202</size>
         <input_file_ref idref="fl-1b"/>
      </object_component>
      <object_component id="oc-2a">
         <name>.const:.string</name>
         <load_address>0x5a58</load_address>
         <run_address>0x5a58</run_address>
         <size>0xb2</size>
         <input_file_ref idref="fl-5"/>
      </object_component>
      <object_component id="oc-6a">
         <name>.const:.string</name>
         <load_address>0x5b0c</load_address>
         <run_address>0x5b0c</run_address>
         <size>0x48</size>
         <input_file_ref idref="fl-16"/>
      </object_component>
      <object_component id="oc-69">
         <name>.const</name>
         <load_address>0x5b54</load_address>
         <run_address>0x5b54</run_address>
         <size>0x18</size>
         <input_file_ref idref="fl-16"/>
      </object_component>
      <object_component id="oc-119">
         <name>.const:_initial_approx$1</name>
         <load_address>0x5b6c</load_address>
         <run_address>0x5b6c</run_address>
         <size>0x10</size>
         <input_file_ref idref="fl-1d"/>
      </object_component>
      <object_component id="oc-9e">
         <name>.const:.string</name>
         <load_address>0x5b7c</load_address>
         <run_address>0x5b7c</run_address>
         <size>0x4</size>
         <input_file_ref idref="fl-23"/>
      </object_component>
      <object_component id="oc-95">
         <name>.const</name>
         <load_address>0x5b80</load_address>
         <run_address>0x5b80</run_address>
         <size>0x4</size>
         <input_file_ref idref="fl-21"/>
      </object_component>
      <object_component id="oc-10c">
         <name>.sysmem</name>
         <uninitialized>true</uninitialized>
         <run_address>0x30c0</run_address>
         <size>0x0</size>
         <input_file_ref idref="fl-3c"/>
      </object_component>
      <object_component id="oc-132">
         <name>.sysmem</name>
         <uninitialized>true</uninitialized>
         <run_address>0x30c0</run_address>
         <size>0x0</size>
      </object_component>
      <object_component id="oc-29">
         <name>.cinit</name>
         <load_address>0x40000</load_address>
         <run_address>0x40000</run_address>
         <size>0xc6</size>
         <input_file_ref idref="fl-5"/>
      </object_component>
      <object_component id="oc-15">
         <name>.cinit</name>
         <load_address>0x400c6</load_address>
         <run_address>0x400c6</run_address>
         <size>0x8c</size>
         <input_file_ref idref="fl-2"/>
      </object_component>
      <object_component id="oc-b4">
         <name>.cinit</name>
         <load_address>0x40152</load_address>
         <run_address>0x40152</run_address>
         <size>0x5a</size>
         <input_file_ref idref="fl-28"/>
      </object_component>
      <object_component id="oc-81">
         <name>.cinit</name>
         <load_address>0x401ac</load_address>
         <run_address>0x401ac</run_address>
         <size>0x54</size>
         <input_file_ref idref="fl-1c"/>
      </object_component>
      <object_component id="oc-64">
         <name>.cinit</name>
         <load_address>0x40200</load_address>
         <run_address>0x40200</run_address>
         <size>0x14</size>
         <input_file_ref idref="fl-15"/>
      </object_component>
      <object_component id="oc-55">
         <name>.cinit</name>
         <load_address>0x40214</load_address>
         <run_address>0x40214</run_address>
         <size>0x14</size>
         <input_file_ref idref="fl-12"/>
      </object_component>
      <object_component id="oc-105">
         <name>.cinit</name>
         <load_address>0x40228</load_address>
         <run_address>0x40228</run_address>
         <size>0x8</size>
         <input_file_ref idref="fl-3b"/>
      </object_component>
      <object_component id="oc-10b">
         <name>.cinit</name>
         <load_address>0x40230</load_address>
         <run_address>0x40230</run_address>
         <size>0x8</size>
         <input_file_ref idref="fl-3c"/>
      </object_component>
      <object_component id="oc-40">
         <name>.cinit</name>
         <load_address>0x40238</load_address>
         <run_address>0x40238</run_address>
         <size>0x8</size>
         <input_file_ref idref="fl-9"/>
      </object_component>
      <object_component id="oc-de">
         <name>.cio</name>
         <uninitialized>true</uninitialized>
         <run_address>0x40248</run_address>
         <size>0x240</size>
         <input_file_ref idref="fl-32"/>
      </object_component>
      <object_component id="oc-11">
         <name>vectors</name>
         <load_address>0x4fe00</load_address>
         <run_address>0x4fe00</run_address>
         <size>0x100</size>
         <input_file_ref idref="fl-14"/>
      </object_component>
      <object_component id="oc-14">
         <name>.debug_info</name>
         <load_address>0x0</load_address>
         <run_address>0x0</run_address>
         <size>0x1185</size>
         <input_file_ref idref="fl-2"/>
      </object_component>
      <object_component id="oc-1c">
         <name>.debug_info</name>
         <load_address>0x1185</load_address>
         <run_address>0x1185</run_address>
         <size>0xc85</size>
         <input_file_ref idref="fl-3"/>
      </object_component>
      <object_component id="oc-21">
         <name>.debug_info</name>
         <load_address>0x1e0a</load_address>
         <run_address>0x1e0a</run_address>
         <size>0xeb8</size>
         <input_file_ref idref="fl-4"/>
      </object_component>
      <object_component id="oc-28">
         <name>.debug_info</name>
         <load_address>0x2cc2</load_address>
         <run_address>0x2cc2</run_address>
         <size>0xa37</size>
         <input_file_ref idref="fl-5"/>
      </object_component>
      <object_component id="oc-2f">
         <name>.debug_info</name>
         <load_address>0x36f9</load_address>
         <run_address>0x36f9</run_address>
         <size>0x577</size>
         <input_file_ref idref="fl-6"/>
      </object_component>
      <object_component id="oc-34">
         <name>.debug_info</name>
         <load_address>0x3c70</load_address>
         <run_address>0x3c70</run_address>
         <size>0x676</size>
         <input_file_ref idref="fl-7"/>
      </object_component>
      <object_component id="oc-39">
         <name>.debug_info</name>
         <load_address>0x42e6</load_address>
         <run_address>0x42e6</run_address>
         <size>0x807</size>
         <input_file_ref idref="fl-8"/>
      </object_component>
      <object_component id="oc-3f">
         <name>.debug_info</name>
         <load_address>0x4aed</load_address>
         <run_address>0x4aed</run_address>
         <size>0xb00</size>
         <input_file_ref idref="fl-9"/>
      </object_component>
      <object_component id="oc-45">
         <name>.debug_info</name>
         <load_address>0x55ed</load_address>
         <run_address>0x55ed</run_address>
         <size>0x63b</size>
         <input_file_ref idref="fl-a"/>
      </object_component>
      <object_component id="oc-4a">
         <name>.debug_info</name>
         <load_address>0x5c28</load_address>
         <run_address>0x5c28</run_address>
         <size>0x5ff3</size>
         <input_file_ref idref="fl-10"/>
      </object_component>
      <object_component id="oc-4f">
         <name>.debug_info</name>
         <load_address>0xbc1b</load_address>
         <run_address>0xbc1b</run_address>
         <size>0xe8</size>
         <input_file_ref idref="fl-11"/>
      </object_component>
      <object_component id="oc-54">
         <name>.debug_info</name>
         <load_address>0xbd03</load_address>
         <run_address>0xbd03</run_address>
         <size>0x5fb</size>
         <input_file_ref idref="fl-12"/>
      </object_component>
      <object_component id="oc-5a">
         <name>.debug_info</name>
         <load_address>0xc2fe</load_address>
         <run_address>0xc2fe</run_address>
         <size>0x76c</size>
         <input_file_ref idref="fl-13"/>
      </object_component>
      <object_component id="oc-5e">
         <name>.debug_info</name>
         <load_address>0xca6a</load_address>
         <run_address>0xca6a</run_address>
         <size>0xbc</size>
         <input_file_ref idref="fl-14"/>
      </object_component>
      <object_component id="oc-63">
         <name>.debug_info</name>
         <load_address>0xcb26</load_address>
         <run_address>0xcb26</run_address>
         <size>0x5bc</size>
         <input_file_ref idref="fl-15"/>
      </object_component>
      <object_component id="oc-68">
         <name>.debug_info</name>
         <load_address>0xd0e2</load_address>
         <run_address>0xd0e2</run_address>
         <size>0x27bd</size>
         <input_file_ref idref="fl-16"/>
      </object_component>
      <object_component id="oc-6e">
         <name>.debug_info</name>
         <load_address>0xf89f</load_address>
         <run_address>0xf89f</run_address>
         <size>0x586</size>
         <input_file_ref idref="fl-17"/>
      </object_component>
      <object_component id="oc-72">
         <name>.debug_info</name>
         <load_address>0xfe25</load_address>
         <run_address>0xfe25</run_address>
         <size>0x5a4</size>
         <input_file_ref idref="fl-18"/>
      </object_component>
      <object_component id="oc-76">
         <name>.debug_info</name>
         <load_address>0x103c9</load_address>
         <run_address>0x103c9</run_address>
         <size>0xcd</size>
         <input_file_ref idref="fl-19"/>
      </object_component>
      <object_component id="oc-7a">
         <name>.debug_info</name>
         <load_address>0x10496</load_address>
         <run_address>0x10496</run_address>
         <size>0x81f</size>
         <input_file_ref idref="fl-1a"/>
      </object_component>
      <object_component id="oc-7d">
         <name>.debug_info</name>
         <load_address>0x10cb5</load_address>
         <run_address>0x10cb5</run_address>
         <size>0x498</size>
         <input_file_ref idref="fl-1b"/>
      </object_component>
      <object_component id="oc-80">
         <name>.debug_info</name>
         <load_address>0x1114d</load_address>
         <run_address>0x1114d</run_address>
         <size>0x57e</size>
         <input_file_ref idref="fl-1c"/>
      </object_component>
      <object_component id="oc-84">
         <name>.debug_info</name>
         <load_address>0x116cb</load_address>
         <run_address>0x116cb</run_address>
         <size>0x7e8</size>
         <input_file_ref idref="fl-1d"/>
      </object_component>
      <object_component id="oc-88">
         <name>.debug_info</name>
         <load_address>0x11eb3</load_address>
         <run_address>0x11eb3</run_address>
         <size>0x534</size>
         <input_file_ref idref="fl-1e"/>
      </object_component>
      <object_component id="oc-8c">
         <name>.debug_info</name>
         <load_address>0x123e7</load_address>
         <run_address>0x123e7</run_address>
         <size>0x4cf</size>
         <input_file_ref idref="fl-1f"/>
      </object_component>
      <object_component id="oc-90">
         <name>.debug_info</name>
         <load_address>0x128b6</load_address>
         <run_address>0x128b6</run_address>
         <size>0x534</size>
         <input_file_ref idref="fl-20"/>
      </object_component>
      <object_component id="oc-94">
         <name>.debug_info</name>
         <load_address>0x12dea</load_address>
         <run_address>0x12dea</run_address>
         <size>0x549</size>
         <input_file_ref idref="fl-21"/>
      </object_component>
      <object_component id="oc-99">
         <name>.debug_info</name>
         <load_address>0x13333</load_address>
         <run_address>0x13333</run_address>
         <size>0x6aa</size>
         <input_file_ref idref="fl-22"/>
      </object_component>
      <object_component id="oc-9d">
         <name>.debug_info</name>
         <load_address>0x139dd</load_address>
         <run_address>0x139dd</run_address>
         <size>0x942</size>
         <input_file_ref idref="fl-23"/>
      </object_component>
      <object_component id="oc-a2">
         <name>.debug_info</name>
         <load_address>0x1431f</load_address>
         <run_address>0x1431f</run_address>
         <size>0x53e</size>
         <input_file_ref idref="fl-24"/>
      </object_component>
      <object_component id="oc-a6">
         <name>.debug_info</name>
         <load_address>0x1485d</load_address>
         <run_address>0x1485d</run_address>
         <size>0x680</size>
         <input_file_ref idref="fl-25"/>
      </object_component>
      <object_component id="oc-aa">
         <name>.debug_info</name>
         <load_address>0x14edd</load_address>
         <run_address>0x14edd</run_address>
         <size>0x7d4</size>
         <input_file_ref idref="fl-26"/>
      </object_component>
      <object_component id="oc-ae">
         <name>.debug_info</name>
         <load_address>0x156b1</load_address>
         <run_address>0x156b1</run_address>
         <size>0xbd</size>
         <input_file_ref idref="fl-27"/>
      </object_component>
      <object_component id="oc-b3">
         <name>.debug_info</name>
         <load_address>0x1576e</load_address>
         <run_address>0x1576e</run_address>
         <size>0x144b</size>
         <input_file_ref idref="fl-28"/>
      </object_component>
      <object_component id="oc-b8">
         <name>.debug_info</name>
         <load_address>0x16bb9</load_address>
         <run_address>0x16bb9</run_address>
         <size>0x5ad</size>
         <input_file_ref idref="fl-29"/>
      </object_component>
      <object_component id="oc-bc">
         <name>.debug_info</name>
         <load_address>0x17166</load_address>
         <run_address>0x17166</run_address>
         <size>0x574</size>
         <input_file_ref idref="fl-2a"/>
      </object_component>
      <object_component id="oc-c0">
         <name>.debug_info</name>
         <load_address>0x176da</load_address>
         <run_address>0x176da</run_address>
         <size>0xd1</size>
         <input_file_ref idref="fl-2b"/>
      </object_component>
      <object_component id="oc-c4">
         <name>.debug_info</name>
         <load_address>0x177ab</load_address>
         <run_address>0x177ab</run_address>
         <size>0x55b</size>
         <input_file_ref idref="fl-2c"/>
      </object_component>
      <object_component id="oc-c8">
         <name>.debug_info</name>
         <load_address>0x17d06</load_address>
         <run_address>0x17d06</run_address>
         <size>0x4b7</size>
         <input_file_ref idref="fl-2d"/>
      </object_component>
      <object_component id="oc-cc">
         <name>.debug_info</name>
         <load_address>0x181bd</load_address>
         <run_address>0x181bd</run_address>
         <size>0x4f2</size>
         <input_file_ref idref="fl-2e"/>
      </object_component>
      <object_component id="oc-d0">
         <name>.debug_info</name>
         <load_address>0x186af</load_address>
         <run_address>0x186af</run_address>
         <size>0x534</size>
         <input_file_ref idref="fl-2f"/>
      </object_component>
      <object_component id="oc-d4">
         <name>.debug_info</name>
         <load_address>0x18be3</load_address>
         <run_address>0x18be3</run_address>
         <size>0x4de</size>
         <input_file_ref idref="fl-30"/>
      </object_component>
      <object_component id="oc-d9">
         <name>.debug_info</name>
         <load_address>0x190c1</load_address>
         <run_address>0x190c1</run_address>
         <size>0xed4</size>
         <input_file_ref idref="fl-31"/>
      </object_component>
      <object_component id="oc-dd">
         <name>.debug_info</name>
         <load_address>0x19f95</load_address>
         <run_address>0x19f95</run_address>
         <size>0x744</size>
         <input_file_ref idref="fl-32"/>
      </object_component>
      <object_component id="oc-e3">
         <name>.debug_info</name>
         <load_address>0x1a6d9</load_address>
         <run_address>0x1a6d9</run_address>
         <size>0xef</size>
         <input_file_ref idref="fl-33"/>
      </object_component>
      <object_component id="oc-e7">
         <name>.debug_info</name>
         <load_address>0x1a7c8</load_address>
         <run_address>0x1a7c8</run_address>
         <size>0x662</size>
         <input_file_ref idref="fl-34"/>
      </object_component>
      <object_component id="oc-eb">
         <name>.debug_info</name>
         <load_address>0x1ae2a</load_address>
         <run_address>0x1ae2a</run_address>
         <size>0x5ab</size>
         <input_file_ref idref="fl-35"/>
      </object_component>
      <object_component id="oc-ef">
         <name>.debug_info</name>
         <load_address>0x1b3d5</load_address>
         <run_address>0x1b3d5</run_address>
         <size>0x4f2</size>
         <input_file_ref idref="fl-36"/>
      </object_component>
      <object_component id="oc-f3">
         <name>.debug_info</name>
         <load_address>0x1b8c7</load_address>
         <run_address>0x1b8c7</run_address>
         <size>0x706</size>
         <input_file_ref idref="fl-37"/>
      </object_component>
      <object_component id="oc-f7">
         <name>.debug_info</name>
         <load_address>0x1bfcd</load_address>
         <run_address>0x1bfcd</run_address>
         <size>0x4d2</size>
         <input_file_ref idref="fl-38"/>
      </object_component>
      <object_component id="oc-fb">
         <name>.debug_info</name>
         <load_address>0x1c49f</load_address>
         <run_address>0x1c49f</run_address>
         <size>0x5f7</size>
         <input_file_ref idref="fl-39"/>
      </object_component>
      <object_component id="oc-ff">
         <name>.debug_info</name>
         <load_address>0x1ca96</load_address>
         <run_address>0x1ca96</run_address>
         <size>0x64a</size>
         <input_file_ref idref="fl-3a"/>
      </object_component>
      <object_component id="oc-104">
         <name>.debug_info</name>
         <load_address>0x1d0e0</load_address>
         <run_address>0x1d0e0</run_address>
         <size>0xa1c</size>
         <input_file_ref idref="fl-3b"/>
      </object_component>
      <object_component id="oc-10a">
         <name>.debug_info</name>
         <load_address>0x1dafc</load_address>
         <run_address>0x1dafc</run_address>
         <size>0xba5</size>
         <input_file_ref idref="fl-3c"/>
      </object_component>
      <object_component id="oc-110">
         <name>.debug_info</name>
         <load_address>0x1e6a1</load_address>
         <run_address>0x1e6a1</run_address>
         <size>0x64f</size>
         <input_file_ref idref="fl-3d"/>
      </object_component>
      <object_component id="oc-114">
         <name>.debug_info</name>
         <load_address>0x1ecf0</load_address>
         <run_address>0x1ecf0</run_address>
         <size>0x510</size>
         <input_file_ref idref="fl-3e"/>
      </object_component>
      <object_component id="oc-13c">
         <name>.debug_info</name>
         <load_address>0x1f200</load_address>
         <run_address>0x1f200</run_address>
         <size>0x6e</size>
      </object_component>
      <object_component id="oc-17">
         <name>.debug_frame</name>
         <load_address>0x0</load_address>
         <run_address>0x0</run_address>
         <size>0x103</size>
         <input_file_ref idref="fl-2"/>
      </object_component>
      <object_component id="oc-1d">
         <name>.debug_frame</name>
         <load_address>0x103</load_address>
         <run_address>0x103</run_address>
         <size>0x172</size>
         <input_file_ref idref="fl-3"/>
      </object_component>
      <object_component id="oc-23">
         <name>.debug_frame</name>
         <load_address>0x275</load_address>
         <run_address>0x275</run_address>
         <size>0x104</size>
         <input_file_ref idref="fl-4"/>
      </object_component>
      <object_component id="oc-2b">
         <name>.debug_frame</name>
         <load_address>0x379</load_address>
         <run_address>0x379</run_address>
         <size>0x10d</size>
         <input_file_ref idref="fl-5"/>
      </object_component>
      <object_component id="oc-30">
         <name>.debug_frame</name>
         <load_address>0x486</load_address>
         <run_address>0x486</run_address>
         <size>0xe4</size>
         <input_file_ref idref="fl-6"/>
      </object_component>
      <object_component id="oc-35">
         <name>.debug_frame</name>
         <load_address>0x56a</load_address>
         <run_address>0x56a</run_address>
         <size>0x116</size>
         <input_file_ref idref="fl-7"/>
      </object_component>
      <object_component id="oc-3a">
         <name>.debug_frame</name>
         <load_address>0x680</load_address>
         <run_address>0x680</run_address>
         <size>0x135</size>
         <input_file_ref idref="fl-8"/>
      </object_component>
      <object_component id="oc-41">
         <name>.debug_frame</name>
         <load_address>0x7b5</load_address>
         <run_address>0x7b5</run_address>
         <size>0x14a</size>
         <input_file_ref idref="fl-9"/>
      </object_component>
      <object_component id="oc-46">
         <name>.debug_frame</name>
         <load_address>0x8ff</load_address>
         <run_address>0x8ff</run_address>
         <size>0x11c</size>
         <input_file_ref idref="fl-a"/>
      </object_component>
      <object_component id="oc-4b">
         <name>.debug_frame</name>
         <load_address>0xa1b</load_address>
         <run_address>0xa1b</run_address>
         <size>0x175</size>
         <input_file_ref idref="fl-10"/>
      </object_component>
      <object_component id="oc-18">
         <name>.debug_line</name>
         <load_address>0x0</load_address>
         <run_address>0x0</run_address>
         <size>0x10e</size>
         <input_file_ref idref="fl-2"/>
      </object_component>
      <object_component id="oc-1e">
         <name>.debug_line</name>
         <load_address>0x10e</load_address>
         <run_address>0x10e</run_address>
         <size>0xfe</size>
         <input_file_ref idref="fl-3"/>
      </object_component>
      <object_component id="oc-24">
         <name>.debug_line</name>
         <load_address>0x20c</load_address>
         <run_address>0x20c</run_address>
         <size>0x223</size>
         <input_file_ref idref="fl-4"/>
      </object_component>
      <object_component id="oc-2c">
         <name>.debug_line</name>
         <load_address>0x42f</load_address>
         <run_address>0x42f</run_address>
         <size>0x94</size>
         <input_file_ref idref="fl-5"/>
      </object_component>
      <object_component id="oc-31">
         <name>.debug_line</name>
         <load_address>0x4c3</load_address>
         <run_address>0x4c3</run_address>
         <size>0x44</size>
         <input_file_ref idref="fl-6"/>
      </object_component>
      <object_component id="oc-36">
         <name>.debug_line</name>
         <load_address>0x507</load_address>
         <run_address>0x507</run_address>
         <size>0x83</size>
         <input_file_ref idref="fl-7"/>
      </object_component>
      <object_component id="oc-3b">
         <name>.debug_line</name>
         <load_address>0x58a</load_address>
         <run_address>0x58a</run_address>
         <size>0xdd</size>
         <input_file_ref idref="fl-8"/>
      </object_component>
      <object_component id="oc-42">
         <name>.debug_line</name>
         <load_address>0x667</load_address>
         <run_address>0x667</run_address>
         <size>0x118</size>
         <input_file_ref idref="fl-9"/>
      </object_component>
      <object_component id="oc-47">
         <name>.debug_line</name>
         <load_address>0x77f</load_address>
         <run_address>0x77f</run_address>
         <size>0x8c</size>
         <input_file_ref idref="fl-a"/>
      </object_component>
      <object_component id="oc-4c">
         <name>.debug_line</name>
         <load_address>0x80b</load_address>
         <run_address>0x80b</run_address>
         <size>0x2dd</size>
         <input_file_ref idref="fl-10"/>
      </object_component>
      <object_component id="oc-50">
         <name>.debug_line</name>
         <load_address>0xae8</load_address>
         <run_address>0xae8</run_address>
         <size>0x54</size>
         <input_file_ref idref="fl-11"/>
      </object_component>
      <object_component id="oc-57">
         <name>.debug_line</name>
         <load_address>0xb3c</load_address>
         <run_address>0xb3c</run_address>
         <size>0x51</size>
         <input_file_ref idref="fl-12"/>
      </object_component>
      <object_component id="oc-5b">
         <name>.debug_line</name>
         <load_address>0xb8d</load_address>
         <run_address>0xb8d</run_address>
         <size>0x69</size>
         <input_file_ref idref="fl-13"/>
      </object_component>
      <object_component id="oc-5f">
         <name>.debug_line</name>
         <load_address>0xbf6</load_address>
         <run_address>0xbf6</run_address>
         <size>0x37</size>
         <input_file_ref idref="fl-14"/>
      </object_component>
      <object_component id="oc-65">
         <name>.debug_line</name>
         <load_address>0xc2d</load_address>
         <run_address>0xc2d</run_address>
         <size>0x57</size>
         <input_file_ref idref="fl-15"/>
      </object_component>
      <object_component id="oc-6b">
         <name>.debug_line</name>
         <load_address>0xc84</load_address>
         <run_address>0xc84</run_address>
         <size>0x328</size>
         <input_file_ref idref="fl-16"/>
      </object_component>
      <object_component id="oc-6f">
         <name>.debug_line</name>
         <load_address>0xfac</load_address>
         <run_address>0xfac</run_address>
         <size>0x41</size>
         <input_file_ref idref="fl-17"/>
      </object_component>
      <object_component id="oc-73">
         <name>.debug_line</name>
         <load_address>0xfed</load_address>
         <run_address>0xfed</run_address>
         <size>0x46</size>
         <input_file_ref idref="fl-18"/>
      </object_component>
      <object_component id="oc-77">
         <name>.debug_line</name>
         <load_address>0x1033</load_address>
         <run_address>0x1033</run_address>
         <size>0x55</size>
         <input_file_ref idref="fl-19"/>
      </object_component>
      <object_component id="oc-7b">
         <name>.debug_line</name>
         <load_address>0x1088</load_address>
         <run_address>0x1088</run_address>
         <size>0xad</size>
         <input_file_ref idref="fl-1a"/>
      </object_component>
      <object_component id="oc-85">
         <name>.debug_line</name>
         <load_address>0x1135</load_address>
         <run_address>0x1135</run_address>
         <size>0x5b</size>
         <input_file_ref idref="fl-1d"/>
      </object_component>
      <object_component id="oc-89">
         <name>.debug_line</name>
         <load_address>0x1190</load_address>
         <run_address>0x1190</run_address>
         <size>0x44</size>
         <input_file_ref idref="fl-1e"/>
      </object_component>
      <object_component id="oc-8d">
         <name>.debug_line</name>
         <load_address>0x11d4</load_address>
         <run_address>0x11d4</run_address>
         <size>0x3d</size>
         <input_file_ref idref="fl-1f"/>
      </object_component>
      <object_component id="oc-91">
         <name>.debug_line</name>
         <load_address>0x1211</load_address>
         <run_address>0x1211</run_address>
         <size>0x3d</size>
         <input_file_ref idref="fl-20"/>
      </object_component>
      <object_component id="oc-96">
         <name>.debug_line</name>
         <load_address>0x124e</load_address>
         <run_address>0x124e</run_address>
         <size>0x44</size>
         <input_file_ref idref="fl-21"/>
      </object_component>
      <object_component id="oc-9a">
         <name>.debug_line</name>
         <load_address>0x1292</load_address>
         <run_address>0x1292</run_address>
         <size>0x56</size>
         <input_file_ref idref="fl-22"/>
      </object_component>
      <object_component id="oc-9f">
         <name>.debug_line</name>
         <load_address>0x12e8</load_address>
         <run_address>0x12e8</run_address>
         <size>0xa6</size>
         <input_file_ref idref="fl-23"/>
      </object_component>
      <object_component id="oc-a3">
         <name>.debug_line</name>
         <load_address>0x138e</load_address>
         <run_address>0x138e</run_address>
         <size>0x40</size>
         <input_file_ref idref="fl-24"/>
      </object_component>
      <object_component id="oc-a7">
         <name>.debug_line</name>
         <load_address>0x13ce</load_address>
         <run_address>0x13ce</run_address>
         <size>0x38</size>
         <input_file_ref idref="fl-25"/>
      </object_component>
      <object_component id="oc-ab">
         <name>.debug_line</name>
         <load_address>0x1406</load_address>
         <run_address>0x1406</run_address>
         <size>0xa8</size>
         <input_file_ref idref="fl-26"/>
      </object_component>
      <object_component id="oc-af">
         <name>.debug_line</name>
         <load_address>0x14ae</load_address>
         <run_address>0x14ae</run_address>
         <size>0x3c</size>
         <input_file_ref idref="fl-27"/>
      </object_component>
      <object_component id="oc-b5">
         <name>.debug_line</name>
         <load_address>0x14ea</load_address>
         <run_address>0x14ea</run_address>
         <size>0x1b0</size>
         <input_file_ref idref="fl-28"/>
      </object_component>
      <object_component id="oc-b9">
         <name>.debug_line</name>
         <load_address>0x169a</load_address>
         <run_address>0x169a</run_address>
         <size>0x40</size>
         <input_file_ref idref="fl-29"/>
      </object_component>
      <object_component id="oc-bd">
         <name>.debug_line</name>
         <load_address>0x16da</load_address>
         <run_address>0x16da</run_address>
         <size>0x3a</size>
         <input_file_ref idref="fl-2a"/>
      </object_component>
      <object_component id="oc-c1">
         <name>.debug_line</name>
         <load_address>0x1714</load_address>
         <run_address>0x1714</run_address>
         <size>0x54</size>
         <input_file_ref idref="fl-2b"/>
      </object_component>
      <object_component id="oc-c5">
         <name>.debug_line</name>
         <load_address>0x1768</load_address>
         <run_address>0x1768</run_address>
         <size>0x3c</size>
         <input_file_ref idref="fl-2c"/>
      </object_component>
      <object_component id="oc-c9">
         <name>.debug_line</name>
         <load_address>0x17a4</load_address>
         <run_address>0x17a4</run_address>
         <size>0x37</size>
         <input_file_ref idref="fl-2d"/>
      </object_component>
      <object_component id="oc-cd">
         <name>.debug_line</name>
         <load_address>0x17db</load_address>
         <run_address>0x17db</run_address>
         <size>0x3c</size>
         <input_file_ref idref="fl-2e"/>
      </object_component>
      <object_component id="oc-d1">
         <name>.debug_line</name>
         <load_address>0x1817</load_address>
         <run_address>0x1817</run_address>
         <size>0x44</size>
         <input_file_ref idref="fl-2f"/>
      </object_component>
      <object_component id="oc-d5">
         <name>.debug_line</name>
         <load_address>0x185b</load_address>
         <run_address>0x185b</run_address>
         <size>0x37</size>
         <input_file_ref idref="fl-30"/>
      </object_component>
      <object_component id="oc-da">
         <name>.debug_line</name>
         <load_address>0x1892</load_address>
         <run_address>0x1892</run_address>
         <size>0x15e</size>
         <input_file_ref idref="fl-31"/>
      </object_component>
      <object_component id="oc-e0">
         <name>.debug_line</name>
         <load_address>0x19f0</load_address>
         <run_address>0x19f0</run_address>
         <size>0x6a</size>
         <input_file_ref idref="fl-32"/>
      </object_component>
      <object_component id="oc-e4">
         <name>.debug_line</name>
         <load_address>0x1a5a</load_address>
         <run_address>0x1a5a</run_address>
         <size>0x58</size>
         <input_file_ref idref="fl-33"/>
      </object_component>
      <object_component id="oc-e8">
         <name>.debug_line</name>
         <load_address>0x1ab2</load_address>
         <run_address>0x1ab2</run_address>
         <size>0x57</size>
         <input_file_ref idref="fl-34"/>
      </object_component>
      <object_component id="oc-ec">
         <name>.debug_line</name>
         <load_address>0x1b09</load_address>
         <run_address>0x1b09</run_address>
         <size>0x5c</size>
         <input_file_ref idref="fl-35"/>
      </object_component>
      <object_component id="oc-f0">
         <name>.debug_line</name>
         <load_address>0x1b65</load_address>
         <run_address>0x1b65</run_address>
         <size>0x3c</size>
         <input_file_ref idref="fl-36"/>
      </object_component>
      <object_component id="oc-f4">
         <name>.debug_line</name>
         <load_address>0x1ba1</load_address>
         <run_address>0x1ba1</run_address>
         <size>0x5b</size>
         <input_file_ref idref="fl-37"/>
      </object_component>
      <object_component id="oc-f8">
         <name>.debug_line</name>
         <load_address>0x1bfc</load_address>
         <run_address>0x1bfc</run_address>
         <size>0x3a</size>
         <input_file_ref idref="fl-38"/>
      </object_component>
      <object_component id="oc-fc">
         <name>.debug_line</name>
         <load_address>0x1c36</load_address>
         <run_address>0x1c36</run_address>
         <size>0x3c</size>
         <input_file_ref idref="fl-39"/>
      </object_component>
      <object_component id="oc-100">
         <name>.debug_line</name>
         <load_address>0x1c72</load_address>
         <run_address>0x1c72</run_address>
         <size>0x40</size>
         <input_file_ref idref="fl-3a"/>
      </object_component>
      <object_component id="oc-106">
         <name>.debug_line</name>
         <load_address>0x1cb2</load_address>
         <run_address>0x1cb2</run_address>
         <size>0xd7</size>
         <input_file_ref idref="fl-3b"/>
      </object_component>
      <object_component id="oc-10d">
         <name>.debug_line</name>
         <load_address>0x1d89</load_address>
         <run_address>0x1d89</run_address>
         <size>0x112</size>
         <input_file_ref idref="fl-3c"/>
      </object_component>
      <object_component id="oc-111">
         <name>.debug_line</name>
         <load_address>0x1e9b</load_address>
         <run_address>0x1e9b</run_address>
         <size>0x3d</size>
         <input_file_ref idref="fl-3d"/>
      </object_component>
      <object_component id="oc-115">
         <name>.debug_line</name>
         <load_address>0x1ed8</load_address>
         <run_address>0x1ed8</run_address>
         <size>0x39</size>
         <input_file_ref idref="fl-3e"/>
      </object_component>
      <object_component id="oc-19">
         <name>.debug_abbrev</name>
         <load_address>0x0</load_address>
         <run_address>0x0</run_address>
         <size>0x14c</size>
         <input_file_ref idref="fl-2"/>
      </object_component>
      <object_component id="oc-1f">
         <name>.debug_abbrev</name>
         <load_address>0x14c</load_address>
         <run_address>0x14c</run_address>
         <size>0x147</size>
         <input_file_ref idref="fl-3"/>
      </object_component>
      <object_component id="oc-25">
         <name>.debug_abbrev</name>
         <load_address>0x293</load_address>
         <run_address>0x293</run_address>
         <size>0xfd</size>
         <input_file_ref idref="fl-4"/>
      </object_component>
      <object_component id="oc-2d">
         <name>.debug_abbrev</name>
         <load_address>0x390</load_address>
         <run_address>0x390</run_address>
         <size>0x13e</size>
         <input_file_ref idref="fl-5"/>
      </object_component>
      <object_component id="oc-32">
         <name>.debug_abbrev</name>
         <load_address>0x4ce</load_address>
         <run_address>0x4ce</run_address>
         <size>0x87</size>
         <input_file_ref idref="fl-6"/>
      </object_component>
      <object_component id="oc-37">
         <name>.debug_abbrev</name>
         <load_address>0x555</load_address>
         <run_address>0x555</run_address>
         <size>0xe7</size>
         <input_file_ref idref="fl-7"/>
      </object_component>
      <object_component id="oc-3c">
         <name>.debug_abbrev</name>
         <load_address>0x63c</load_address>
         <run_address>0x63c</run_address>
         <size>0x87</size>
         <input_file_ref idref="fl-8"/>
      </object_component>
      <object_component id="oc-43">
         <name>.debug_abbrev</name>
         <load_address>0x6c3</load_address>
         <run_address>0x6c3</run_address>
         <size>0xd0</size>
         <input_file_ref idref="fl-9"/>
      </object_component>
      <object_component id="oc-48">
         <name>.debug_abbrev</name>
         <load_address>0x793</load_address>
         <run_address>0x793</run_address>
         <size>0x95</size>
         <input_file_ref idref="fl-a"/>
      </object_component>
      <object_component id="oc-4d">
         <name>.debug_abbrev</name>
         <load_address>0x828</load_address>
         <run_address>0x828</run_address>
         <size>0x23e</size>
         <input_file_ref idref="fl-10"/>
      </object_component>
      <object_component id="oc-51">
         <name>.debug_abbrev</name>
         <load_address>0xa66</load_address>
         <run_address>0xa66</run_address>
         <size>0x3a</size>
         <input_file_ref idref="fl-11"/>
      </object_component>
      <object_component id="oc-58">
         <name>.debug_abbrev</name>
         <load_address>0xaa0</load_address>
         <run_address>0xaa0</run_address>
         <size>0xf7</size>
         <input_file_ref idref="fl-12"/>
      </object_component>
      <object_component id="oc-5c">
         <name>.debug_abbrev</name>
         <load_address>0xb97</load_address>
         <run_address>0xb97</run_address>
         <size>0x145</size>
         <input_file_ref idref="fl-13"/>
      </object_component>
      <object_component id="oc-60">
         <name>.debug_abbrev</name>
         <load_address>0xcdc</load_address>
         <run_address>0xcdc</run_address>
         <size>0x26</size>
         <input_file_ref idref="fl-14"/>
      </object_component>
      <object_component id="oc-66">
         <name>.debug_abbrev</name>
         <load_address>0xd02</load_address>
         <run_address>0xd02</run_address>
         <size>0x9f</size>
         <input_file_ref idref="fl-15"/>
      </object_component>
      <object_component id="oc-6c">
         <name>.debug_abbrev</name>
         <load_address>0xda1</load_address>
         <run_address>0xda1</run_address>
         <size>0x1f8</size>
         <input_file_ref idref="fl-16"/>
      </object_component>
      <object_component id="oc-70">
         <name>.debug_abbrev</name>
         <load_address>0xf99</load_address>
         <run_address>0xf99</run_address>
         <size>0xec</size>
         <input_file_ref idref="fl-17"/>
      </object_component>
      <object_component id="oc-74">
         <name>.debug_abbrev</name>
         <load_address>0x1085</load_address>
         <run_address>0x1085</run_address>
         <size>0xd5</size>
         <input_file_ref idref="fl-18"/>
      </object_component>
      <object_component id="oc-78">
         <name>.debug_abbrev</name>
         <load_address>0x115a</load_address>
         <run_address>0x115a</run_address>
         <size>0x44</size>
         <input_file_ref idref="fl-19"/>
      </object_component>
      <object_component id="oc-7c">
         <name>.debug_abbrev</name>
         <load_address>0x119e</load_address>
         <run_address>0x119e</run_address>
         <size>0xb7</size>
         <input_file_ref idref="fl-1a"/>
      </object_component>
      <object_component id="oc-7e">
         <name>.debug_abbrev</name>
         <load_address>0x1255</load_address>
         <run_address>0x1255</run_address>
         <size>0x68</size>
         <input_file_ref idref="fl-1b"/>
      </object_component>
      <object_component id="oc-82">
         <name>.debug_abbrev</name>
         <load_address>0x12bd</load_address>
         <run_address>0x12bd</run_address>
         <size>0x83</size>
         <input_file_ref idref="fl-1c"/>
      </object_component>
      <object_component id="oc-86">
         <name>.debug_abbrev</name>
         <load_address>0x1340</load_address>
         <run_address>0x1340</run_address>
         <size>0x112</size>
         <input_file_ref idref="fl-1d"/>
      </object_component>
      <object_component id="oc-8a">
         <name>.debug_abbrev</name>
         <load_address>0x1452</load_address>
         <run_address>0x1452</run_address>
         <size>0xb5</size>
         <input_file_ref idref="fl-1e"/>
      </object_component>
      <object_component id="oc-8e">
         <name>.debug_abbrev</name>
         <load_address>0x1507</load_address>
         <run_address>0x1507</run_address>
         <size>0x8f</size>
         <input_file_ref idref="fl-1f"/>
      </object_component>
      <object_component id="oc-92">
         <name>.debug_abbrev</name>
         <load_address>0x1596</load_address>
         <run_address>0x1596</run_address>
         <size>0xb7</size>
         <input_file_ref idref="fl-20"/>
      </object_component>
      <object_component id="oc-97">
         <name>.debug_abbrev</name>
         <load_address>0x164d</load_address>
         <run_address>0x164d</run_address>
         <size>0xc2</size>
         <input_file_ref idref="fl-21"/>
      </object_component>
      <object_component id="oc-9b">
         <name>.debug_abbrev</name>
         <load_address>0x170f</load_address>
         <run_address>0x170f</run_address>
         <size>0x103</size>
         <input_file_ref idref="fl-22"/>
      </object_component>
      <object_component id="oc-a0">
         <name>.debug_abbrev</name>
         <load_address>0x1812</load_address>
         <run_address>0x1812</run_address>
         <size>0x140</size>
         <input_file_ref idref="fl-23"/>
      </object_component>
      <object_component id="oc-a4">
         <name>.debug_abbrev</name>
         <load_address>0x1952</load_address>
         <run_address>0x1952</run_address>
         <size>0x9a</size>
         <input_file_ref idref="fl-24"/>
      </object_component>
      <object_component id="oc-a8">
         <name>.debug_abbrev</name>
         <load_address>0x19ec</load_address>
         <run_address>0x19ec</run_address>
         <size>0xd0</size>
         <input_file_ref idref="fl-25"/>
      </object_component>
      <object_component id="oc-ac">
         <name>.debug_abbrev</name>
         <load_address>0x1abc</load_address>
         <run_address>0x1abc</run_address>
         <size>0xb7</size>
         <input_file_ref idref="fl-26"/>
      </object_component>
      <object_component id="oc-b0">
         <name>.debug_abbrev</name>
         <load_address>0x1b73</load_address>
         <run_address>0x1b73</run_address>
         <size>0x38</size>
         <input_file_ref idref="fl-27"/>
      </object_component>
      <object_component id="oc-b6">
         <name>.debug_abbrev</name>
         <load_address>0x1bab</load_address>
         <run_address>0x1bab</run_address>
         <size>0x225</size>
         <input_file_ref idref="fl-28"/>
      </object_component>
      <object_component id="oc-ba">
         <name>.debug_abbrev</name>
         <load_address>0x1dd0</load_address>
         <run_address>0x1dd0</run_address>
         <size>0xec</size>
         <input_file_ref idref="fl-29"/>
      </object_component>
      <object_component id="oc-be">
         <name>.debug_abbrev</name>
         <load_address>0x1ebc</load_address>
         <run_address>0x1ebc</run_address>
         <size>0xb7</size>
         <input_file_ref idref="fl-2a"/>
      </object_component>
      <object_component id="oc-c2">
         <name>.debug_abbrev</name>
         <load_address>0x1f73</load_address>
         <run_address>0x1f73</run_address>
         <size>0x38</size>
         <input_file_ref idref="fl-2b"/>
      </object_component>
      <object_component id="oc-c6">
         <name>.debug_abbrev</name>
         <load_address>0x1fab</load_address>
         <run_address>0x1fab</run_address>
         <size>0xdc</size>
         <input_file_ref idref="fl-2c"/>
      </object_component>
      <object_component id="oc-ca">
         <name>.debug_abbrev</name>
         <load_address>0x2087</load_address>
         <run_address>0x2087</run_address>
         <size>0x81</size>
         <input_file_ref idref="fl-2d"/>
      </object_component>
      <object_component id="oc-ce">
         <name>.debug_abbrev</name>
         <load_address>0x2108</load_address>
         <run_address>0x2108</run_address>
         <size>0xa6</size>
         <input_file_ref idref="fl-2e"/>
      </object_component>
      <object_component id="oc-d2">
         <name>.debug_abbrev</name>
         <load_address>0x21ae</load_address>
         <run_address>0x21ae</run_address>
         <size>0xb5</size>
         <input_file_ref idref="fl-2f"/>
      </object_component>
      <object_component id="oc-d6">
         <name>.debug_abbrev</name>
         <load_address>0x2263</load_address>
         <run_address>0x2263</run_address>
         <size>0x8f</size>
         <input_file_ref idref="fl-30"/>
      </object_component>
      <object_component id="oc-db">
         <name>.debug_abbrev</name>
         <load_address>0x22f2</load_address>
         <run_address>0x22f2</run_address>
         <size>0x15a</size>
         <input_file_ref idref="fl-31"/>
      </object_component>
      <object_component id="oc-e1">
         <name>.debug_abbrev</name>
         <load_address>0x244c</load_address>
         <run_address>0x244c</run_address>
         <size>0xde</size>
         <input_file_ref idref="fl-32"/>
      </object_component>
      <object_component id="oc-e5">
         <name>.debug_abbrev</name>
         <load_address>0x252a</load_address>
         <run_address>0x252a</run_address>
         <size>0x38</size>
         <input_file_ref idref="fl-33"/>
      </object_component>
      <object_component id="oc-e9">
         <name>.debug_abbrev</name>
         <load_address>0x2562</load_address>
         <run_address>0x2562</run_address>
         <size>0xd1</size>
         <input_file_ref idref="fl-34"/>
      </object_component>
      <object_component id="oc-ed">
         <name>.debug_abbrev</name>
         <load_address>0x2633</load_address>
         <run_address>0x2633</run_address>
         <size>0xd4</size>
         <input_file_ref idref="fl-35"/>
      </object_component>
      <object_component id="oc-f1">
         <name>.debug_abbrev</name>
         <load_address>0x2707</load_address>
         <run_address>0x2707</run_address>
         <size>0xa6</size>
         <input_file_ref idref="fl-36"/>
      </object_component>
      <object_component id="oc-f5">
         <name>.debug_abbrev</name>
         <load_address>0x27ad</load_address>
         <run_address>0x27ad</run_address>
         <size>0x136</size>
         <input_file_ref idref="fl-37"/>
      </object_component>
      <object_component id="oc-f9">
         <name>.debug_abbrev</name>
         <load_address>0x28e3</load_address>
         <run_address>0x28e3</run_address>
         <size>0x81</size>
         <input_file_ref idref="fl-38"/>
      </object_component>
      <object_component id="oc-fd">
         <name>.debug_abbrev</name>
         <load_address>0x2964</load_address>
         <run_address>0x2964</run_address>
         <size>0xd1</size>
         <input_file_ref idref="fl-39"/>
      </object_component>
      <object_component id="oc-101">
         <name>.debug_abbrev</name>
         <load_address>0x2a35</load_address>
         <run_address>0x2a35</run_address>
         <size>0x10b</size>
         <input_file_ref idref="fl-3a"/>
      </object_component>
      <object_component id="oc-107">
         <name>.debug_abbrev</name>
         <load_address>0x2b40</load_address>
         <run_address>0x2b40</run_address>
         <size>0x1a2</size>
         <input_file_ref idref="fl-3b"/>
      </object_component>
      <object_component id="oc-10e">
         <name>.debug_abbrev</name>
         <load_address>0x2ce2</load_address>
         <run_address>0x2ce2</run_address>
         <size>0x1de</size>
         <input_file_ref idref="fl-3c"/>
      </object_component>
      <object_component id="oc-112">
         <name>.debug_abbrev</name>
         <load_address>0x2ec0</load_address>
         <run_address>0x2ec0</run_address>
         <size>0x118</size>
         <input_file_ref idref="fl-3d"/>
      </object_component>
      <object_component id="oc-116">
         <name>.debug_abbrev</name>
         <load_address>0x2fd8</load_address>
         <run_address>0x2fd8</run_address>
         <size>0xbf</size>
         <input_file_ref idref="fl-3e"/>
      </object_component>
      <object_component id="oc-13d">
         <name>.debug_abbrev</name>
         <load_address>0x3097</load_address>
         <run_address>0x3097</run_address>
         <size>0xd</size>
      </object_component>
   </object_component_list>
   <logical_group_list>
      <logical_group id="lg-135">
         <name>.text</name>
[...]
         <object_component_ref idref="oc-2e"/>
      </symbol>
      <symbol id="sm-104">
         <name>_USBSTK5505_waitusec</name>
         <value>0x24d99</value>
         <object_component_ref idref="oc-33"/>
      </symbol>
      <symbol id="sm-105">
         <name>_USBSTK5505_wait</name>
         <value>0x24d65</value>
         <object_component_ref idref="oc-33"/>
      </symbol>
      <symbol id="sm-106">
         <name>_USBSTK5505_init</name>
         <value>0x24dab</value>
         <object_component_ref idref="oc-33"/>
      </symbol>
      <symbol id="sm-11a">
         <name>_USBSTK5505_GPIO_setOutput</name>
         <value>0x23ee2</value>
         <object_component_ref idref="oc-38"/>
      </symbol>
      <symbol id="sm-11b">
         <name>_USBSTK5505_GPIO_init</name>
         <value>0x23e53</value>
         <object_component_ref idref="oc-38"/>
      </symbol>
      <symbol id="sm-11c">
         <name>_USBSTK5505_GPIO_setDirection</name>
         <value>0x23e57</value>
         <object_component_ref idref="oc-38"/>
      </symbol>
      <symbol id="sm-11d">
         <name>_USBSTK5505_GPIO_getInput</name>
         <value>0x23f5f</value>
         <object_component_ref idref="oc-38"/>
      </symbol>
      <symbol id="sm-146">
         <name>_USBSTK5505_I2C_reset</name>
         <value>0x24265</value>
         <object_component_ref idref="oc-3d"/>
      </symbol>
      <symbol id="sm-147">
         <name>_USBSTK5505_I2C_read</name>
         <value>0x242ee</value>
         <object_component_ref idref="oc-3d"/>
      </symbol>
      <symbol id="sm-148">
         <name>_USBSTK5505_I2C_close</name>
         <value>0x2425c</value>
         <object_component_ref idref="oc-3d"/>
      </symbol>
      <symbol id="sm-149">
         <name>_USBSTK5505_I2C_write</name>
         <value>0x24273</value>
         <object_component_ref idref="oc-3d"/>
      </symbol>
      <symbol id="sm-14a">
         <name>_USBSTK5505_I2C_init</name>
         <value>0x2423d</value>
         <object_component_ref idref="oc-3d"/>
      </symbol>
      <symbol id="sm-154">
         <name>_USBSTK5505_LED_off</name>
         <value>0x24fbe</value>
         <object_component_ref idref="oc-44"/>
      </symbol>
      <symbol id="sm-155">
         <name>_USBSTK5505_LED_on</name>
         <value>0x24fad</value>
         <object_component_ref idref="oc-44"/>
      </symbol>
      <symbol id="sm-156">
         <name>_USBSTK5505_LED_init</name>
         <value>0x24fa2</value>
         <object_component_ref idref="oc-44"/>
      </symbol>
      <symbol id="sm-17b">
         <name>_PLL_reset</name>
         <value>0x23363</value>
         <object_component_ref idref="oc-49"/>
      </symbol>
      <symbol id="sm-17c">
         <name>_PLL_bypass</name>
         <value>0x23314</value>
         <object_component_ref idref="oc-49"/>
      </symbol>
      <symbol id="sm-17d">
         <name>_PLL_enable</name>
         <value>0x232ad</value>
         <object_component_ref idref="oc-49"/>
      </symbol>
      <symbol id="sm-17e">
         <name>_PLL_config</name>
         <value>0x23184</value>
         <object_component_ref idref="oc-49"/>
      </symbol>
      <symbol id="sm-17f">
         <name>_PLL_init</name>
         <value>0x2314c</value>
         <object_component_ref idref="oc-49"/>
      </symbol>
      <symbol id="sm-18b">
         <name>__sysstack</name>
         <value>0x20c0</value>
         <object_component_ref idref="oc-117"/>
      </symbol>
      <symbol id="sm-18c">
         <name>_c_int00</name>
         <value>0x24f6e</value>
         <object_component_ref idref="oc-10"/>
      </symbol>
      <symbol id="sm-18d">
         <name>__stack</name>
         <value>0xc0</value>
         <object_component_ref idref="oc-4e"/>
      </symbol>
      <symbol id="sm-19d">
         <name>C$$EXIT</name>
         <value>0x250cf</value>
         <object_component_ref idref="oc-56"/>
      </symbol>
      <symbol id="sm-19e">
         <name>_exit</name>
         <value>0x24f30</value>
         <object_component_ref idref="oc-52"/>
      </symbol>
      <symbol id="sm-19f">
         <name>_abort</name>
         <value>0x250ce</value>
         <object_component_ref idref="oc-56"/>
      </symbol>
      <symbol id="sm-1a0">
         <name>__cleanup_ptr</name>
         <value>0x6174</value>
         <object_component_ref idref="oc-53"/>
      </symbol>
      <symbol id="sm-1a1">
         <name>__dtors_ptr</name>
         <value>0x6178</value>
         <object_component_ref idref="oc-53"/>
      </symbol>
      <symbol id="sm-1ab">
         <name>_printf</name>
         <value>0x24db9</value>
         <object_component_ref idref="oc-59"/>
      </symbol>
      <symbol id="sm-1b5">
         <name>_Reset</name>
         <value>0x4fe00</value>
         <object_component_ref idref="oc-11"/>
      </symbol>
      <symbol id="sm-1c3">
         <name>__unlock</name>
         <value>0x6170</value>
         <object_component_ref idref="oc-62"/>
      </symbol>
      <symbol id="sm-1c4">
         <name>__lock</name>
         <value>0x616c</value>
         <object_component_ref idref="oc-62"/>
      </symbol>
      <symbol id="sm-1c5">
         <name>__register_lock</name>
         <value>0x250aa</value>
         <object_component_ref idref="oc-61"/>
      </symbol>
      <symbol id="sm-1c6">
         <name>__nop</name>
         <value>0x250b2</value>
         <object_component_ref idref="oc-61"/>
      </symbol>
      <symbol id="sm-1c7">
         <name>__register_unlock</name>
         <value>0x250a2</value>
         <object_component_ref idref="oc-61"/>
      </symbol>
      <symbol id="sm-1d9">
         <name>__printfi</name>
         <value>0x21315</value>
         <object_component_ref idref="oc-67"/>
      </symbol>
      <symbol id="sm-1e3">
         <name>__args_main</name>
         <value>0x24e9f</value>
         <object_component_ref idref="oc-6d"/>
      </symbol>
      <symbol id="sm-1e4">
         <name>__TI_args_main</name>
         <value>0x1</value>
      </symbol>
      <symbol id="sm-1ee">
         <name>_atoi</name>
         <value>0x24cb6</value>
         <object_component_ref idref="oc-71"/>
      </symbol>
      <symbol id="sm-1f6">
         <name>_auto_init</name>
         <value>0x24e07</value>
         <object_component_ref idref="oc-75"/>
      </symbol>
      <symbol id="sm-200">
         <name>__eqld</name>
         <value>0x23c4c</value>
         <object_component_ref idref="oc-79"/>
      </symbol>
      <symbol id="sm-201">
         <name>__cmpd</name>
         <value>0x23c80</value>
         <object_component_ref idref="oc-79"/>
      </symbol>
      <symbol id="sm-202">
         <name>__neqd</name>
         <value>0x23aee</value>
         <object_component_ref idref="oc-79"/>
      </symbol>
      <symbol id="sm-203">
         <name>__gtrd</name>
         <value>0x23bb7</value>
         <object_component_ref idref="oc-79"/>
      </symbol>
      <symbol id="sm-204">
         <name>__geqd</name>
         <value>0x23c02</value>
         <object_component_ref idref="oc-79"/>
      </symbol>
      <symbol id="sm-205">
         <name>__leqd</name>
         <value>0x23b6a</value>
         <object_component_ref idref="oc-79"/>
      </symbol>
      <symbol id="sm-206">
         <name>__lssd</name>
         <value>0x23b22</value>
         <object_component_ref idref="oc-79"/>
      </symbol>
      <symbol id="sm-20e">
         <name>__ctypes_</name>
         <value>0x5854</value>
         <object_component_ref idref="oc-118"/>
      </symbol>
      <symbol id="sm-218">
         <name>__tmpnams</name>
         <value>0x5c74</value>
         <object_component_ref idref="oc-7f"/>
      </symbol>
      <symbol id="sm-219">
         <name>__ft_end</name>
         <value>0x5db4</value>
         <object_component_ref idref="oc-7f"/>
      </symbol>
      <symbol id="sm-21a">
         <name>__ftable</name>
         <value>0x5b84</value>
         <object_component_ref idref="oc-7f"/>
      </symbol>
      <symbol id="sm-226">
         <name>__divd</name>
         <value>0x22a1b</value>
         <object_component_ref idref="oc-83"/>
      </symbol>
      <symbol id="sm-231">
         <name>__divul</name>
         <value>0x24826</value>
         <object_component_ref idref="oc-87"/>
      </symbol>
      <symbol id="sm-23b">
         <name>__fixdi</name>
         <value>0x24fcf</value>
         <object_component_ref idref="oc-8b"/>
      </symbol>
      <symbol id="sm-245">
         <name>__fixdli</name>
         <value>0x24b0e</value>
         <object_component_ref idref="oc-8f"/>
      </symbol>
      <symbol id="sm-251">
         <name>__fltlid</name>
         <value>0x24c4f</value>
         <object_component_ref idref="oc-93"/>
      </symbol>
      <symbol id="sm-25b">
         <name>_putchar</name>
         <value>0x24817</value>
         <object_component_ref idref="oc-98"/>
      </symbol>
      <symbol id="sm-25c">
         <name>_putc</name>
         <value>0x24784</value>
         <object_component_ref idref="oc-98"/>
      </symbol>
      <symbol id="sm-25d">
         <name>_fputc</name>
         <value>0x24784</value>
         <object_component_ref idref="oc-98"/>
      </symbol>
      <symbol id="sm-269">
         <name>_puts</name>
         <value>0x23e27</value>
         <object_component_ref idref="oc-9c"/>
      </symbol>
      <symbol id="sm-26a">
         <name>_fputs</name>
         <value>0x23cd8</value>
         <object_component_ref idref="oc-9c"/>
      </symbol>
      <symbol id="sm-274">
         <name>__frcmpyd_div</name>
         <value>0x24a2b</value>
         <object_component_ref idref="oc-a1"/>
      </symbol>
      <symbol id="sm-27e">
         <name>___isinf</name>
         <value>0x25061</value>
         <object_component_ref idref="oc-a5"/>
      </symbol>
      <symbol id="sm-288">
         <name>__divull</name>
         <value>0x2376f</value>
         <object_component_ref idref="oc-a9"/>
      </symbol>
      <symbol id="sm-289">
         <name>__mpylli</name>
         <value>0x236b8</value>
         <object_component_ref idref="oc-a9"/>
      </symbol>
      <symbol id="sm-28a">
         <name>__remlli</name>
         <value>0x23689</value>
         <object_component_ref idref="oc-a9"/>
      </symbol>
      <symbol id="sm-28b">
         <name>__divlli</name>
         <value>0x23863</value>
         <object_component_ref idref="oc-a9"/>
      </symbol>
      <symbol id="sm-28c">
         <name>__remull</name>
         <value>0x2363b</value>
         <object_component_ref idref="oc-a9"/>
      </symbol>
      <symbol id="sm-294">
         <name>__mpyli</name>
         <value>0x2508f</value>
         <object_component_ref idref="oc-ad"/>
      </symbol>
      <symbol id="sm-295">
         <name>I$$LMPY</name>
         <value>0x2508f</value>
         <object_component_ref idref="oc-ad"/>
      </symbol>
      <symbol id="sm-2a6">
         <name>_add_device</name>
         <value>0x22933</value>
         <object_component_ref idref="oc-b1"/>
      </symbol>
      <symbol id="sm-2a7">
         <name>_rename</name>
         <value>0x22664</value>
         <object_component_ref idref="oc-b1"/>
      </symbol>
      <symbol id="sm-2a8">
         <name>_read</name>
         <value>0x226ef</value>
         <object_component_ref idref="oc-b1"/>
      </symbol>
      <symbol id="sm-2a9">
         <name>_unlink</name>
         <value>0x22630</value>
         <object_component_ref idref="oc-b1"/>
      </symbol>
      <symbol id="sm-2aa">
         <name>_remove_device</name>
         <value>0x226bb</value>
         <object_component_ref idref="oc-b1"/>
      </symbol>
      <symbol id="sm-2ab">
         <name>_open</name>
         <value>0x22799</value>
         <object_component_ref idref="oc-b1"/>
      </symbol>
      <symbol id="sm-2ac">
         <name>_find_registered_device</name>
         <value>0x228ba</value>
         <object_component_ref idref="oc-b1"/>
      </symbol>
      <symbol id="sm-2ad">
         <name>_lseek</name>
         <value>0x22856</value>
         <object_component_ref idref="oc-b1"/>
      </symbol>
      <symbol id="sm-2ae">
         <name>_close</name>
         <value>0x228c3</value>
         <object_component_ref idref="oc-b1"/>
      </symbol>
      <symbol id="sm-2af">
         <name>_write</name>
         <value>0x22503</value>
         <object_component_ref idref="oc-b1"/>
      </symbol>
      <symbol id="sm-2b9">
         <name>_ltoa</name>
         <value>0x248c6</value>
         <object_component_ref idref="oc-b7"/>
      </symbol>
      <symbol id="sm-2c4">
         <name>_memccpy</name>
         <value>0x25023</value>
         <object_component_ref idref="oc-bb"/>
      </symbol>
      <symbol id="sm-2ce">
         <name>_memcpy</name>
         <value>0x24d0f</value>
         <object_component_ref idref="oc-bf"/>
      </symbol>
      <symbol id="sm-2d8">
         <name>__mpyd</name>
         <value>0x23fb7</value>
         <object_component_ref idref="oc-c3"/>
      </symbol>
      <symbol id="sm-2e2">
         <name>__negd</name>
         <value>0x250b4</value>
         <object_component_ref idref="oc-c7"/>
      </symbol>
      <symbol id="sm-2ec">
         <name>__remli</name>
         <value>0x24e54</value>
         <object_component_ref idref="oc-cb"/>
      </symbol>
      <symbol id="sm-2f7">
         <name>__remul</name>
         <value>0x24a9e</value>
         <object_component_ref idref="oc-cf"/>
      </symbol>
      <symbol id="sm-301">
         <name>__subd</name>
         <value>0x2507b</value>
         <object_component_ref idref="oc-d3"/>
      </symbol>
      <symbol id="sm-30d">
         <name>_HOSTopen</name>
         <value>0x21db1</value>
         <object_component_ref idref="oc-d7"/>
      </symbol>
      <symbol id="sm-30e">
         <name>_HOSTread</name>
         <value>0x21d26</value>
         <object_component_ref idref="oc-d7"/>
      </symbol>
      <symbol id="sm-30f">
         <name>_HOSTtime</name>
         <value>0x21c0f</value>
         <object_component_ref idref="oc-d7"/>
      </symbol>
      <symbol id="sm-310">
         <name>_getenv</name>
         <value>0x21a98</value>
         <object_component_ref idref="oc-d7"/>
      </symbol>
      <symbol id="sm-311">
         <name>_HOSTrename</name>
         <value>0x21c6d</value>
         <object_component_ref idref="oc-d7"/>
      </symbol>
      <symbol id="sm-312">
         <name>_HOSTclock</name>
         <value>0x21f72</value>
         <object_component_ref idref="oc-d7"/>
      </symbol>
      <symbol id="sm-313">
         <name>_HOSTwrite</name>
         <value>0x21b18</value>
         <object_component_ref idref="oc-d7"/>
      </symbol>
      <symbol id="sm-314">
         <name>_HOSTlseek</name>
         <value>0x21e52</value>
         <object_component_ref idref="oc-d7"/>
      </symbol>
      <symbol id="sm-315">
         <name>_HOSTunlink</name>
         <value>0x21ba3</value>
         <object_component_ref idref="oc-d7"/>
      </symbol>
      <symbol id="sm-316">
         <name>_HOSTclose</name>
         <value>0x21f07</value>
         <object_component_ref idref="oc-d7"/>
      </symbol>
      <symbol id="sm-328">
         <name>C$$IO$$</name>
         <value>0x246c5</value>
         <object_component_ref idref="oc-df"/>
      </symbol>
      <symbol id="sm-329">
         <name>__CIOBUF_</name>
         <value>0x40248</value>
         <object_component_ref idref="oc-de"/>
      </symbol>
      <symbol id="sm-32a">
         <name>_readmsg</name>
         <value>0x24b7c</value>
         <object_component_ref idref="oc-dc"/>
      </symbol>
      <symbol id="sm-32b">
         <name>_writemsg</name>
         <value>0x2460c</value>
         <object_component_ref idref="oc-df"/>
      </symbol>
      <symbol id="sm-333">
         <name>__remu</name>
         <value>0x2500e</value>
         <object_component_ref idref="oc-e2"/>
      </symbol>
      <symbol id="sm-334">
         <name>__divu</name>
         <value>0x24ff9</value>
         <object_component_ref idref="oc-e2"/>
      </symbol>
      <symbol id="sm-335">
         <name>I$$UMOD</name>
         <value>0x2500e</value>
         <object_component_ref idref="oc-e2"/>
      </symbol>
      <symbol id="sm-336">
         <name>I$$UDIV</name>
         <value>0x24ff9</value>
         <object_component_ref idref="oc-e2"/>
      </symbol>
      <symbol id="sm-340">
         <name>__rd_ok</name>
         <value>0x244d7</value>
         <object_component_ref idref="oc-e6"/>
      </symbol>
      <symbol id="sm-341">
         <name>__wrt_ok</name>
         <value>0x2445a</value>
         <object_component_ref idref="oc-e6"/>
      </symbol>
      <symbol id="sm-34b">
         <name>__addd</name>
         <value>0x23897</value>
         <object_component_ref idref="oc-ea"/>
      </symbol>
      <symbol id="sm-355">
         <name>__divli</name>
         <value>0x24ee8</value>
         <object_component_ref idref="oc-ee"/>
      </symbol>
      <symbol id="sm-35f">
         <name>__doflush</name>
         <value>0x246ca</value>
         <object_component_ref idref="oc-f2"/>
      </symbol>
      <symbol id="sm-360">
         <name>_fflush</name>
         <value>0x2472c</value>
         <object_component_ref idref="oc-f2"/>
      </symbol>
      <symbol id="sm-36a">
         <name>__frcmpyd</name>
         <value>0x249b5</value>
         <object_component_ref idref="oc-f6"/>
      </symbol>
      <symbol id="sm-374">
         <name>_fseek</name>
         <value>0x24be7</value>
         <object_component_ref idref="oc-fa"/>
      </symbol>
      <symbol id="sm-37e">
         <name>_setvbuf</name>
         <value>0x24367</value>
         <object_component_ref idref="oc-fe"/>
      </symbol>
      <symbol id="sm-38d">
         <name>__cleanup</name>
         <value>0x234e4</value>
         <object_component_ref idref="oc-102"/>
      </symbol>
      <symbol id="sm-38e">
         <name>_fopen</name>
         <value>0x23602</value>
         <object_component_ref idref="oc-102"/>
      </symbol>
      <symbol id="sm-38f">
         <name>_freopen</name>
         <value>0x2353c</value>
         <object_component_ref idref="oc-102"/>
      </symbol>
      <symbol id="sm-39f">
         <name>__sys_memory</name>
         <value>0x30c0</value>
         <object_component_ref idref="oc-10c"/>
      </symbol>
      <symbol id="sm-3a0">
         <name>_chkheap</name>
         <value>0x224af</value>
         <object_component_ref idref="oc-108"/>
      </symbol>
      <symbol id="sm-3a1">
         <name>_realloc</name>
         <value>0x22215</value>
         <object_component_ref idref="oc-108"/>
      </symbol>
      <symbol id="sm-3a2">
         <name>_free_memory</name>
         <value>0x22448</value>
         <object_component_ref idref="oc-108"/>
      </symbol>
      <symbol id="sm-3a3">
         <name>_max_free</name>
         <value>0x223de</value>
         <object_component_ref idref="oc-108"/>
      </symbol>
      <symbol id="sm-3a4">
         <name>_free</name>
         <value>0x21fd0</value>
         <object_component_ref idref="oc-108"/>
      </symbol>
      <symbol id="sm-3a5">
         <name>_calloc</name>
         <value>0x224b7</value>
         <object_component_ref idref="oc-108"/>
      </symbol>
      <symbol id="sm-3a6">
         <name>_malloc</name>
         <value>0x22114</value>
         <object_component_ref idref="oc-108"/>
      </symbol>
      <symbol id="sm-3a7">
         <name>_minit</name>
         <value>0x220a2</value>
         <object_component_ref idref="oc-108"/>
      </symbol>
      <symbol id="sm-3b1">
         <name>_fclose</name>
         <value>0x2493f</value>
         <object_component_ref idref="oc-10f"/>
      </symbol>
      <symbol id="sm-3bb">
         <name>_remove</name>
         <value>0x250c4</value>
         <object_component_ref idref="oc-113"/>
      </symbol>
   </symbol_table>
</link_info>
