******************************************************************************
              TMS320C55x Linker PC v4.4.1                      
******************************************************************************
>> Linked Thu May 03 09:34:59 2018

OUTPUT FILE NAME:   <MyFirstProject.out>
ENTRY POINT SYMBOL: "_c_int00"  address: 00024f6e


MEMORY CONFIGURATION

         name            origin    length      used     unused   attr    fill
                        (bytes)   (bytes)    (bytes)   (bytes)
----------------------  --------  ---------  --------  --------  ----  --------
PAGE 0:
  MMR                   00000000   000000c0  00000000  000000c0  RWIX
  DARAM0                000000c0   0000ff40  000060b8  00009e88  RWIX
  SARAM0                00010000   00010000  00000000  00010000  RWIX
  SARAM1                00020000   00020000  000050d8  0001af28  RWIX
  SARAM2                00040000   0000fe00  00000482  0000f97e  RWIX
  VECS                  0004fe00   00000200  00000100  00000100  RWIX
  PDROM                 00ff8000   00008000  00000000  00008000  R IX

PAGE 2:
  IOPORT                00000000   00020000  00000000  00020000  RWI 


SECTION ALLOCATION MAP
(Addresses surrounded by []'s are displayed for convenience only!)

output                                                          attributes/
section   page  orgn(bytes) orgn(words) len(bytes) len(words)   input sections
--------  ----  ----------- ----------- ---------- ----------   --------------
.pinit       0   [ 00040000 ]  00020000          *   00000000   UNINITIALIZED

.stack       0   [ 000000c0 ]  00000060          *   00001000   UNINITIALIZED
                 [ 000000c0 ]  00000060          *   00001000   --HOLE--

.data        0   [ 000000c0 ]  00000060          *   00000000   UNINITIALIZED

.sysstack 
*            0   [ 000020c0 ]  00001060          *   00000800   UNINITIALIZED
                 [ 000020c0 ]  00001060          *   00000800   --HOLE--

.sysmem      0   [ 000030c0 ]  00001860          *   00001000   UNINITIALIZED
                 [ 000030c0 ]  00001860          *   00001000   --HOLE--

.const.1     0   [ 000050c0 ]  00002860          *   000004cb   
                 [ 000050c0 ]  00002860          *   00000236   PLL.obj (.const:.string)
                 [ 0000552c ]  00002a96          *   00000194   aic3204_init.obj (.const:.string)
                 [ 00005854 ]  00002c2a          *   00000101   rts55h.lib : ctype.obj (.const:__ctypes_)

.const.2     0   [ 00005a58 ]  00002d2c          *   00000059   
                 [ 00005a58 ]  00002d2c          *   00000059   main.obj (.const:.string)

.const.3     0   [ 00005b0c ]  00002d86          *   0000003c   
                 [ 00005b0c ]  00002d86          *   00000024   rts55h.lib : _printfi.obj (.const:.string)
                 [ 00005b54 ]  00002daa          *   0000000c              : _printfi.obj (.const)
                 [ 00005b6c ]  00002db6          *   00000008              : divd.obj (.const:_initial_approx$1)
                 [ 00005b7c ]  00002dbe          *   00000002              : fputs.obj (.const:.string)
                 [ 00005b80 ]  00002dc0          *   00000002              : fltlid.obj (.const)

.bss.1       0   [ 00005b84 ]  00002dc2          *   000002b5   UNINITIALIZED
                 [ 00005b84 ]  00002dc2          *   00000119   rts55h.lib : defs.obj (.bss)
                 [ 00005db6 ]  00002edb          *   000000d0              : trgdrv.obj (.bss)
                 [ 00005f56 ]  00002fab          *   00000001              : fopen.obj (.bss)
                 [ 00005f58 ]  00002fac          *   00000071              : lowlev.obj (.bss)
                 [ 0000603a ]  0000301d          *   00000001   usbstk5505_i2c.obj (.bss)
                 [ 0000603c ]  0000301e          *   00000059   main.obj (.bss)

.bss.2       0   [ 000060f0 ]  00003078          *   0000003d   UNINITIALIZED
                 [ 000060f0 ]  00003078          *   00000036   PLL.obj (.bss)
                 [ 0000615c ]  000030ae          *   00000007   rts55h.lib : memory.obj (.bss)

.bss.3       0   [ 0000616c ]  000030b6          *   0000000a   UNINITIALIZED
                 [ 0000616c ]  000030b6          *   00000004   rts55h.lib : _lock.obj (.bss)
                 [ 00006174 ]  000030ba          *   00000004              : exit.obj (.bss)
                 [ 0000617c ]  000030be          *   00000002   aic3204.obj (.bss)

.text        0     00020000  [ 00010000 ] 000050d8          *   
                   00020000  [ 00010000 ] 00001533          *   rts55h.lib : _printfi.obj (.text)
                   00021533  [ 00010a99+] 00000565          *   aic3204_init.obj (.text)
                   00021a98  [ 00010d4c ] 00000538          *   rts55h.lib : trgdrv.obj (.text)
                   00021fd0  [ 00010fe8 ] 00000533          *              : memory.obj (.text)
                   00022503  [ 00011281+] 00000518          *              : lowlev.obj (.text)
                   00022a1b  [ 0001150d+] 000003c7          *              : divd.obj (.text)
                   00022de2  [ 000116f1 ] 00000340          *   PLL.obj (.text)
                   00023122  [ 00011891 ] 000002ad          *   CSLc55x5h.lib : csl_pll.obj (.text)
                   000233cf  [ 000119e7+] 0000026c          *   rts55h.lib : fopen.obj (.text)
                   0002363b  [ 00011b1d+] 0000025c          *              : llmpy.obj (.text)
                   00023897  [ 00011c4b+] 00000257          *              : addd.obj (.text)
                   00023aee  [ 00011d77 ] 000001ea          *              : cmpd.obj (.text)
                   00023cd8  [ 00011e6c ] 0000017b          *              : fputs.obj (.text)
                   00023e53  [ 00011f29+] 00000164          *   usbstk5505_gpio.obj (.text)
                   00023fb7  [ 00011fdb+] 0000014b          *   rts55h.lib : mpyd.obj (.text)
                   00024102  [ 00012081 ] 0000013b          *   aic3204.obj (.text)
                   0002423d  [ 0001211e+] 0000012a          *   usbstk5505_i2c.obj (.text)
                   00024367  [ 000121b3+] 000000f3          *   rts55h.lib : setvbuf.obj (.text)
                   0002445a  [ 0001222d ] 000000da          *              : _io_perm.obj (.text)
                   00024534  [ 0001229a ] 000000d8          *   main.obj (.text)
                   0002460c  [ 00012306 ] 000000be          *   rts55h.lib : trgmsg.obj (.text:CIO_breakpoint)
                   000246ca  [ 00012365 ] 000000ba          *              : fflush.obj (.text)
                   00024784  [ 000123c2 ] 000000a2          *              : fputc.obj (.text)
                   00024826  [ 00012413 ] 000000a0          *              : divul.obj (.text)
                   000248c6  [ 00012463 ] 00000079          *              : ltoa.obj (.text)
                   0002493f  [ 0001249f+] 00000076          *              : fclose.obj (.text)
                   000249b5  [ 000124da+] 00000076          *              : frcmpyd.obj (.text)
                   00024a2b  [ 00012515+] 00000073          *              : frcmpyd_div.obj (.text)
                   00024a9e  [ 0001254f ] 00000070          *              : remul.obj (.text)
                   00024b0e  [ 00012587 ] 0000006e          *              : fixdli.obj (.text)
                   00024b7c  [ 000125be ] 0000006b          *              : trgmsg.obj (.text)
                   00024be7  [ 000125f3+] 00000068          *              : fseek.obj (.text)
                   00024c4f  [ 00012627+] 00000067          *              : fltlid.obj (.text)
                   00024cb6  [ 0001265b ] 00000059          *              : atoi.obj (.text)
                   00024d0f  [ 00012687+] 00000056          *              : memcpy.obj (.text)
                   00024d65  [ 000126b2+] 00000054          *   usbstk5505.obj (.text)
                   00024db9  [ 000126dc+] 0000004e          *   rts55h.lib : printf.obj (.text)
                   00024e07  [ 00012703+] 0000004d          *              : autoinit.obj (.text)
                   00024e54  [ 0001272a ] 0000004b          *              : remli.obj (.text)
                   00024e9f  [ 0001274f+] 00000049          *              : args_main.obj (.text)
                   00024ee8  [ 00012774 ] 00000048          *              : divli.obj (.text)
                   00024f30  [ 00012798 ] 0000003e          *              : exit.obj (.text)
                   00024f6e  [ 000127b7 ] 00000034          *              : boot.obj (.text)
                   00024fa2  [ 000127d1 ] 0000002d          *   usbstk5505_led.obj (.text)
                   00024fcf  [ 000127e7+] 0000002a          *   rts55h.lib : fixdi.obj (.text)
                   00024ff9  [ 000127fc+] 0000002a          *              : udiv.obj (.text)
                   00025023  [ 00012811+] 00000022          *              : memccpy.obj (.text)
                   00025045  [ 00012822+] 0000001c          *   stereo.obj (.text)
                   00025061  [ 00012830+] 0000001a          *   rts55h.lib : isinf.obj (.text)
                   0002507b  [ 0001283d+] 00000014          *              : subd.obj (.text)
                   0002508f  [ 00012847+] 00000013          *              : lmpy.obj (.text)
                   000250a2  [ 00012851 ] 00000012          *              : _lock.obj (.text)
                   000250b4  [ 0001285a ] 00000010          *              : negd.obj (.text)
                   000250c4  [ 00012862 ] 0000000a          *              : remove.obj (.text)
                   000250ce  [ 00012867 ] 00000007          *              : exit.obj (.text:CIO_breakpoint)
                   000250d5  [ 0001286a+] 00000002          *              : vectors.obj (.text)
                   000250d7  [ 0001286b ] 00000001          *   --HOLE-- [fill = 20]

.cinit       0   [ 00040000 ]  00020000          *   00000121   
                 [ 00040000 ]  00020000          *   00000063   main.obj (.cinit)
                 [ 000400c6 ]  00020063          *   00000046   PLL.obj (.cinit)
                 [ 00040152 ]  000200a9          *   0000002d   rts55h.lib : lowlev.obj (.cinit)
                 [ 000401ac ]  000200d6          *   0000002a              : defs.obj (.cinit)
                 [ 00040200 ]  00020100          *   0000000a              : _lock.obj (.cinit)
                 [ 00040214 ]  0002010a          *   0000000a              : exit.obj (.cinit)
                 [ 00040228 ]  00020114          *   00000004              : fopen.obj (.cinit)
                 [ 00040230 ]  00020118          *   00000004              : memory.obj (.cinit)
                 [ 00040238 ]  0002011c          *   00000004   usbstk5505_i2c.obj (.cinit)
                 [ 00040240 ]  00020120          *   00000001   --HOLE-- [fill = 0]

.cio         0   [ 00040248 ]  00020124          *   00000120   UNINITIALIZED
                 [ 00040248 ]  00020124          *   00000120   rts55h.lib : trgmsg.obj (.cio)

vectors      0     0004fe00  [ 00027f00 ] 00000100          *   
                   0004fe00  [ 00027f00 ] 00000100          *   rts55h.lib : vectors.obj (vectors)


GLOBAL SYMBOLS: SORTED ALPHABETICALLY BY Name 

abs. value/
byte addr   word addr   name
---------   ---------   ----
00000002                $TI_capability$C5500$CallingConvention
00000008                $TI_capability$C5500$MemoryModel
00000001                $TI_capability_requires_rev3
ffffffff                .bss
ffffffff                .data
ffffffff                .text
000250cf                C$$EXIT
000246c5                C$$IO$$
0002508f                I$$LMPY
00024ff9                I$$UDIV
0002500e                I$$UMOD
00024102                _AIC3204_rget
0002414d                _AIC3204_rset
00021f72                _HOSTclock
00021f07                _HOSTclose
00021e52                _HOSTlseek
00021db1                _HOSTopen
00021d26                _HOSTread
00021c6d                _HOSTrename
00021c0f                _HOSTtime
00021ba3                _HOSTunlink
00021b18                _HOSTwrite
00023314                _PLL_bypass
00023184                _PLL_config
000232ad                _PLL_enable
0002314c                _PLL_init
00023363                _PLL_reset
0004fe00                _Reset
00023f5f                _USBSTK5505_GPIO_getInput
00023e53                _USBSTK5505_GPIO_init
00023e57                _USBSTK5505_GPIO_setDirection
00023ee2                _USBSTK5505_GPIO_setOutput
0002425c                _USBSTK5505_I2C_close
0002423d                _USBSTK5505_I2C_init
000242ee                _USBSTK5505_I2C_read
00024265                _USBSTK5505_I2C_reset
00024273                _USBSTK5505_I2C_write
00024fa2                _USBSTK5505_LED_init
00024fbe                _USBSTK5505_LED_off
00024fad                _USBSTK5505_LED_on
00024dab                _USBSTK5505_init
00024d65                _USBSTK5505_wait
00024d99                _USBSTK5505_waitusec
            00020124    __CIOBUF_
            00001060    __STACK_END
00002000                __STACK_SIZE
00002000                __SYSMEM_SIZE
00001000                __SYSSTACK_SIZE
00000001                __TI_args_main
ffffffff                ___binit__
ffffffff                ___bss__
ffffffff                ___c_args__
            00020000    ___cinit__
ffffffff                ___data__
ffffffff                ___edata__
ffffffff                ___end__
ffffffff                ___etext__
00025061                ___isinf
ffffffff                ___pinit__
ffffffff                ___text__
00023897                __addd
00024e9f                __args_main
000234e4                __cleanup
            000030ba    __cleanup_ptr
00023c80                __cmpd
            00002c2a    __ctypes_
00022a1b                __divd
00024ee8                __divli
00023863                __divlli
00024ff9                __divu
00024826                __divul
0002376f                __divull
000246ca                __doflush
            000030bc    __dtors_ptr
00023c4c                __eqld
00024fcf                __fixdi
00024b0e                __fixdli
00024c4f                __fltlid
000249b5                __frcmpyd
00024a2b                __frcmpyd_div
            00002eda    __ft_end
            00002dc2    __ftable
00023c02                __geqd
00023bb7                __gtrd
00023b6a                __leqd
            000030b6    __lock
00023b22                __lssd
00023fb7                __mpyd
0002508f                __mpyli
000236b8                __mpylli
000250b4                __negd
00023aee                __neqd
000250b2                __nop
00021315                __printfi
000244d7                __rd_ok
000250aa                __register_lock
000250a2                __register_unlock
00024e54                __remli
00023689                __remlli
0002500e                __remu
00024a9e                __remul
0002363b                __remull
            00000060    __stack
0002507b                __subd
            00001860    __sys_memory
            00001060    __sysstack
            00002e3a    __tmpnams
            000030b8    __unlock
0002445a                __wrt_ok
000250ce                _abort
00022933                _add_device
000241bb                _aic3204_codec_read
00024201                _aic3204_codec_write
0002419f                _aic3204_disable
0002416f                _aic3204_hardware_init
00021533                _aic3204_init
00024cb6                _atoi
00024e07                _auto_init
00024f6e                _c_int00
000224b7                _calloc
000224af                _chkheap
000228c3                _close
            000030be    _counter1
            000030bf    _counter2
00024f30                _exit
0002493f                _fclose
0002472c                _fflush
000228ba                _find_registered_device
00023602                _fopen
00024784                _fputc
00023cd8                _fputs
00021fd0                _free
00022448                _free_memory
0002353c                _freopen
00024be7                _fseek
00021a98                _getenv
            00003082    _hPll
            00003024    _i
            0000301e    _left_input
            00003020    _left_output
00022856                _lseek
000248c6                _ltoa
00024534                _main
00022114                _malloc
000223de                _max_free
00025023                _memccpy
00024d0f                _memcpy
000220a2                _minit
            00003022    _mono_input
00022799                _open
            000030ac    _pConfigInfo
            0000307e    _pllCfg1
            000030a4    _pllCfg_100MHz
            000030a8    _pllCfg_120MHz
            0000308c    _pllCfg_12MHz
            00003090    _pllCfg_12p288MHz
            00003084    _pllCfg_1MHz
            00003088    _pllCfg_2MHz
            00003094    _pllCfg_40MHz
            00003098    _pllCfg_60MHz
            0000309c    _pllCfg_75MHz
            000030a0    _pllCfg_98MHz
            00003078    _pllObj
00022e5d                _pll_frequency_setup
00024db9                _printf
00024784                _putc
00024817                _putchar
00023e27                _puts
000226ef                _read
00024b7c                _readmsg
00022215                _realloc
000250c4                _remove
000226bb                _remove_device
00022664                _rename
            0000301f    _right_input
            00003021    _right_output
00021705                _set_sampling_frequency_and_gain
00024367                _setvbuf
            00003026    _sin_1k_q1
            00003023    _sin_1k_q1_index
            00003057    _sin_75k_q1
            00003056    _sin_75k_q1_index
000245b4                _sin_tab_1000
000245e0                _sin_tab_7500
00025045                _stereo_to_mono
00022630                _unlink
00022503                _write
0002460c                _writemsg
ffffffff                binit
            00020000    cinit
ffffffff                edata
ffffffff                end
ffffffff                etext
ffffffff                pinit


GLOBAL SYMBOLS: SORTED BY Symbol Address 

abs. value/
byte addr   word addr   name
---------   ---------   ----
00000001                $TI_capability_requires_rev3
00000001                __TI_args_main
00000002                $TI_capability$C5500$CallingConvention
00000008                $TI_capability$C5500$MemoryModel
            00000060    __stack
00001000                __SYSSTACK_SIZE
00002000                __STACK_SIZE
00002000                __SYSMEM_SIZE
            00001060    __STACK_END
            00001060    __sysstack
            00001860    __sys_memory
            00002c2a    __ctypes_
            00002dc2    __ftable
            00002e3a    __tmpnams
            00002eda    __ft_end
            0000301e    _left_input
            0000301f    _right_input
            00003020    _left_output
            00003021    _right_output
            00003022    _mono_input
            00003023    _sin_1k_q1_index
            00003024    _i
            00003026    _sin_1k_q1
            00003056    _sin_75k_q1_index
            00003057    _sin_75k_q1
            00003078    _pllObj
            0000307e    _pllCfg1
            00003082    _hPll
            00003084    _pllCfg_1MHz
            00003088    _pllCfg_2MHz
            0000308c    _pllCfg_12MHz
            00003090    _pllCfg_12p288MHz
            00003094    _pllCfg_40MHz
            00003098    _pllCfg_60MHz
            0000309c    _pllCfg_75MHz
            000030a0    _pllCfg_98MHz
            000030a4    _pllCfg_100MHz
            000030a8    _pllCfg_120MHz
            000030ac    _pConfigInfo
            000030b6    __lock
            000030b8    __unlock
            000030ba    __cleanup_ptr
            000030bc    __dtors_ptr
            000030be    _counter1
            000030bf    _counter2
00021315                __printfi
00021533                _aic3204_init
00021705                _set_sampling_frequency_and_gain
00021a98                _getenv
00021b18                _HOSTwrite
00021ba3                _HOSTunlink
00021c0f                _HOSTtime
00021c6d                _HOSTrename
00021d26                _HOSTread
00021db1                _HOSTopen
00021e52                _HOSTlseek
00021f07                _HOSTclose
00021f72                _HOSTclock
00021fd0                _free
000220a2                _minit
00022114                _malloc
00022215                _realloc
000223de                _max_free
00022448                _free_memory
000224af                _chkheap
000224b7                _calloc
00022503                _write
00022630                _unlink
00022664                _rename
000226bb                _remove_device
000226ef                _read
00022799                _open
00022856                _lseek
000228ba                _find_registered_device
000228c3                _close
00022933                _add_device
00022a1b                __divd
00022e5d                _pll_frequency_setup
0002314c                _PLL_init
00023184                _PLL_config
000232ad                _PLL_enable
00023314                _PLL_bypass
00023363                _PLL_reset
000234e4                __cleanup
0002353c                _freopen
00023602                _fopen
0002363b                __remull
00023689                __remlli
000236b8                __mpylli
0002376f                __divull
00023863                __divlli
00023897                __addd
00023aee                __neqd
00023b22                __lssd
00023b6a                __leqd
00023bb7                __gtrd
00023c02                __geqd
00023c4c                __eqld
00023c80                __cmpd
00023cd8                _fputs
00023e27                _puts
00023e53                _USBSTK5505_GPIO_init
00023e57                _USBSTK5505_GPIO_setDirection
00023ee2                _USBSTK5505_GPIO_setOutput
00023f5f                _USBSTK5505_GPIO_getInput
00023fb7                __mpyd
00024102                _AIC3204_rget
0002414d                _AIC3204_rset
0002416f                _aic3204_hardware_init
0002419f                _aic3204_disable
000241bb                _aic3204_codec_read
00024201                _aic3204_codec_write
0002423d                _USBSTK5505_I2C_init
0002425c                _USBSTK5505_I2C_close
00024265                _USBSTK5505_I2C_reset
00024273                _USBSTK5505_I2C_write
000242ee                _USBSTK5505_I2C_read
00024367                _setvbuf
0002445a                __wrt_ok
000244d7                __rd_ok
00024534                _main
000245b4                _sin_tab_1000
000245e0                _sin_tab_7500
0002460c                _writemsg
000246c5                C$$IO$$
000246ca                __doflush
0002472c                _fflush
00024784                _fputc
00024784                _putc
00024817                _putchar
00024826                __divul
000248c6                _ltoa
0002493f                _fclose
000249b5                __frcmpyd
00024a2b                __frcmpyd_div
00024a9e                __remul
00024b0e                __fixdli
00024b7c                _readmsg
00024be7                _fseek
00024c4f                __fltlid
00024cb6                _atoi
00024d0f                _memcpy
00024d65                _USBSTK5505_wait
00024d99                _USBSTK5505_waitusec
00024dab                _USBSTK5505_init
00024db9                _printf
00024e07                _auto_init
00024e54                __remli
00024e9f                __args_main
00024ee8                __divli
00024f30                _exit
00024f6e                _c_int00
00024fa2                _USBSTK5505_LED_init
00024fad                _USBSTK5505_LED_on
00024fbe                _USBSTK5505_LED_off
00024fcf                __fixdi
00024ff9                I$$UDIV
00024ff9                __divu
0002500e                I$$UMOD
0002500e                __remu
00025023                _memccpy
00025045                _stereo_to_mono
00025061                ___isinf
0002507b                __subd
0002508f                I$$LMPY
0002508f                __mpyli
000250a2                __register_unlock
000250aa                __register_lock
000250b2                __nop
000250b4                __negd
000250c4                _remove
000250ce                _abort
000250cf                C$$EXIT
            00020000    ___cinit__
            00020000    cinit
            00020124    __CIOBUF_
0004fe00                _Reset
ffffffff                .bss
ffffffff                .data
ffffffff                .text
ffffffff                ___binit__
ffffffff                ___bss__
ffffffff                ___c_args__
ffffffff                ___data__
ffffffff                ___edata__
ffffffff                ___end__
ffffffff                ___etext__
ffffffff                ___pinit__
ffffffff                ___text__
ffffffff                binit
ffffffff                edata
ffffffff                end
ffffffff                etext
ffffffff                pinit

[194 symbols]
